Archive member included because of file (symbol)

c:/users/javis/documents/herramientas/eclipse/plugins/fr.ac6.mcu.externaltools.arm-none.win32_1.2.0.201505291716/tools/compiler/bin/../lib/gcc/arm-none-eabi/4.9.3/../../../../arm-none-eabi/lib/armv7e-m/fpu\libc_nano.a(lib_a-exit.o)
                              c:/users/javis/documents/herramientas/eclipse/plugins/fr.ac6.mcu.externaltools.arm-none.win32_1.2.0.201505291716/tools/compiler/bin/../lib/gcc/arm-none-eabi/4.9.3/../../../../arm-none-eabi/lib/armv7e-m/fpu/crt0.o (exit)
c:/users/javis/documents/herramientas/eclipse/plugins/fr.ac6.mcu.externaltools.arm-none.win32_1.2.0.201505291716/tools/compiler/bin/../lib/gcc/arm-none-eabi/4.9.3/../../../../arm-none-eabi/lib/armv7e-m/fpu\libc_nano.a(lib_a-impure.o)
                              c:/users/javis/documents/herramientas/eclipse/plugins/fr.ac6.mcu.externaltools.arm-none.win32_1.2.0.201505291716/tools/compiler/bin/../lib/gcc/arm-none-eabi/4.9.3/../../../../arm-none-eabi/lib/armv7e-m/fpu\libc_nano.a(lib_a-exit.o) (_global_impure_ptr)
c:/users/javis/documents/herramientas/eclipse/plugins/fr.ac6.mcu.externaltools.arm-none.win32_1.2.0.201505291716/tools/compiler/bin/../lib/gcc/arm-none-eabi/4.9.3/../../../../arm-none-eabi/lib/armv7e-m/fpu\libc_nano.a(lib_a-init.o)
                              c:/users/javis/documents/herramientas/eclipse/plugins/fr.ac6.mcu.externaltools.arm-none.win32_1.2.0.201505291716/tools/compiler/bin/../lib/gcc/arm-none-eabi/4.9.3/../../../../arm-none-eabi/lib/armv7e-m/fpu/crt0.o (__libc_init_array)
c:/users/javis/documents/herramientas/eclipse/plugins/fr.ac6.mcu.externaltools.arm-none.win32_1.2.0.201505291716/tools/compiler/bin/../lib/gcc/arm-none-eabi/4.9.3/../../../../arm-none-eabi/lib/armv7e-m/fpu\libc_nano.a(lib_a-malloc.o)
                              ./Middlewares/USB_Device_Library/usbd_dfu.o (malloc)
c:/users/javis/documents/herramientas/eclipse/plugins/fr.ac6.mcu.externaltools.arm-none.win32_1.2.0.201505291716/tools/compiler/bin/../lib/gcc/arm-none-eabi/4.9.3/../../../../arm-none-eabi/lib/armv7e-m/fpu\libc_nano.a(lib_a-memset.o)
                              c:/users/javis/documents/herramientas/eclipse/plugins/fr.ac6.mcu.externaltools.arm-none.win32_1.2.0.201505291716/tools/compiler/bin/../lib/gcc/arm-none-eabi/4.9.3/../../../../arm-none-eabi/lib/armv7e-m/fpu/crt0.o (memset)
c:/users/javis/documents/herramientas/eclipse/plugins/fr.ac6.mcu.externaltools.arm-none.win32_1.2.0.201505291716/tools/compiler/bin/../lib/gcc/arm-none-eabi/4.9.3/../../../../arm-none-eabi/lib/armv7e-m/fpu\libc_nano.a(lib_a-nano-freer.o)
                              c:/users/javis/documents/herramientas/eclipse/plugins/fr.ac6.mcu.externaltools.arm-none.win32_1.2.0.201505291716/tools/compiler/bin/../lib/gcc/arm-none-eabi/4.9.3/../../../../arm-none-eabi/lib/armv7e-m/fpu\libc_nano.a(lib_a-malloc.o) (_free_r)
c:/users/javis/documents/herramientas/eclipse/plugins/fr.ac6.mcu.externaltools.arm-none.win32_1.2.0.201505291716/tools/compiler/bin/../lib/gcc/arm-none-eabi/4.9.3/../../../../arm-none-eabi/lib/armv7e-m/fpu\libc_nano.a(lib_a-nano-mallocr.o)
                              c:/users/javis/documents/herramientas/eclipse/plugins/fr.ac6.mcu.externaltools.arm-none.win32_1.2.0.201505291716/tools/compiler/bin/../lib/gcc/arm-none-eabi/4.9.3/../../../../arm-none-eabi/lib/armv7e-m/fpu\libc_nano.a(lib_a-malloc.o) (_malloc_r)
c:/users/javis/documents/herramientas/eclipse/plugins/fr.ac6.mcu.externaltools.arm-none.win32_1.2.0.201505291716/tools/compiler/bin/../lib/gcc/arm-none-eabi/4.9.3/../../../../arm-none-eabi/lib/armv7e-m/fpu\libc_nano.a(lib_a-sbrkr.o)
                              c:/users/javis/documents/herramientas/eclipse/plugins/fr.ac6.mcu.externaltools.arm-none.win32_1.2.0.201505291716/tools/compiler/bin/../lib/gcc/arm-none-eabi/4.9.3/../../../../arm-none-eabi/lib/armv7e-m/fpu\libc_nano.a(lib_a-nano-mallocr.o) (_sbrk_r)
c:/users/javis/documents/herramientas/eclipse/plugins/fr.ac6.mcu.externaltools.arm-none.win32_1.2.0.201505291716/tools/compiler/bin/../lib/gcc/arm-none-eabi/4.9.3/../../../../arm-none-eabi/lib/armv7e-m/fpu\libc_nano.a(lib_a-reent.o)
                              c:/users/javis/documents/herramientas/eclipse/plugins/fr.ac6.mcu.externaltools.arm-none.win32_1.2.0.201505291716/tools/compiler/bin/../lib/gcc/arm-none-eabi/4.9.3/../../../../arm-none-eabi/lib/armv7e-m/fpu\libc_nano.a(lib_a-sbrkr.o) (errno)
c:/users/javis/documents/herramientas/eclipse/plugins/fr.ac6.mcu.externaltools.arm-none.win32_1.2.0.201505291716/tools/compiler/bin/../lib/gcc/arm-none-eabi/4.9.3/../../../../arm-none-eabi/lib/armv7e-m/fpu\libnosys.a(sbrk.o)
                              c:/users/javis/documents/herramientas/eclipse/plugins/fr.ac6.mcu.externaltools.arm-none.win32_1.2.0.201505291716/tools/compiler/bin/../lib/gcc/arm-none-eabi/4.9.3/../../../../arm-none-eabi/lib/armv7e-m/fpu\libc_nano.a(lib_a-sbrkr.o) (_sbrk)
[...]
Memory Configuration

Name             Origin             Length             Attributes
FLASH            0x08000000         0x00100000         xr
RAM              0x20000000         0x00020000         xrw
CCMRAM           0x10000000         0x00010000         rw
*default*        0x00000000         0xffffffff

Linker script and memory map

LOAD c:/users/javis/documents/herramientas/eclipse/plugins/fr.ac6.mcu.externaltools.arm-none.win32_1.2.0.201505291716/tools/compiler/bin/../lib/gcc/arm-none-eabi/4.9.3/armv7e-m/fpu/crti.o
LOAD c:/users/javis/documents/herramientas/eclipse/plugins/fr.ac6.mcu.externaltools.arm-none.win32_1.2.0.201505291716/tools/compiler/bin/../lib/gcc/arm-none-eabi/4.9.3/armv7e-m/fpu/crtbegin.o
LOAD c:/users/javis/documents/herramientas/eclipse/plugins/fr.ac6.mcu.externaltools.arm-none.win32_1.2.0.201505291716/tools/compiler/bin/../lib/gcc/arm-none-eabi/4.9.3/../../../../arm-none-eabi/lib/armv7e-m/fpu/crt0.o
LOAD c:/users/javis/documents/herramientas/eclipse/plugins/fr.ac6.mcu.externaltools.arm-none.win32_1.2.0.201505291716/tools/compiler/bin/../lib/gcc/arm-none-eabi/4.9.3/../../../../arm-none-eabi/lib/armv7e-m/fpu\libm.a
LOAD ./Middlewares/USB_Device_Library/usbd_core.o
LOAD ./Middlewares/USB_Device_Library/usbd_ctlreq.o
LOAD ./Middlewares/USB_Device_Library/usbd_dfu.o
LOAD ./Middlewares/USB_Device_Library/usbd_ioreq.o
LOAD ./Drivers/STM32F4xx_HAL_Driver/stm32f4xx_hal.o
LOAD ./Drivers/STM32F4xx_HAL_Driver/stm32f4xx_hal_cortex.o
LOAD ./Drivers/STM32F4xx_HAL_Driver/stm32f4xx_hal_dma.o
LOAD ./Drivers/STM32F4xx_HAL_Driver/stm32f4xx_hal_dma_ex.o
LOAD ./Drivers/STM32F4xx_HAL_Driver/stm32f4xx_hal_flash.o
LOAD ./Drivers/STM32F4xx_HAL_Driver/stm32f4xx_hal_flash_ex.o
LOAD ./Drivers/STM32F4xx_HAL_Driver/stm32f4xx_hal_flash_ramfunc.o
LOAD ./Drivers/STM32F4xx_HAL_Driver/stm32f4xx_hal_gpio.o
LOAD ./Drivers/STM32F4xx_HAL_Driver/stm32f4xx_hal_pcd.o
LOAD ./Drivers/STM32F4xx_HAL_Driver/stm32f4xx_hal_pcd_ex.o
LOAD ./Drivers/STM32F4xx_HAL_Driver/stm32f4xx_hal_pwr.o
LOAD ./Drivers/STM32F4xx_HAL_Driver/stm32f4xx_hal_pwr_ex.o
LOAD ./Drivers/STM32F4xx_HAL_Driver/stm32f4xx_hal_rcc.o
LOAD ./Drivers/STM32F4xx_HAL_Driver/stm32f4xx_hal_rcc_ex.o
LOAD ./Drivers/STM32F4xx_HAL_Driver/stm32f4xx_ll_usb.o
LOAD ./Drivers/CMSIS/system_stm32f4xx.o
LOAD ./Application/User/eeprom.o
LOAD ./Application/User/gpio.o
LOAD ./Application/User/main.o
LOAD ./Application/User/stm32f4xx_hal_msp.o
LOAD ./Application/User/stm32f4xx_it.o
LOAD ./Application/User/usb_device.o
LOAD ./Application/User/usbd_conf.o
LOAD ./Application/User/usbd_desc.o
LOAD ./Application/User/usbd_dfu_if.o
LOAD ./Application/SW4STM32/startup_stm32f405xx.o
START GROUP
LOAD c:/users/javis/documents/herramientas/eclipse/plugins/fr.ac6.mcu.externaltools.arm-none.win32_1.2.0.201505291716/tools/compiler/bin/../lib/gcc/arm-none-eabi/4.9.3/armv7e-m/fpu\libgcc.a
LOAD c:/users/javis/documents/herramientas/eclipse/plugins/fr.ac6.mcu.externaltools.arm-none.win32_1.2.0.201505291716/tools/compiler/bin/../lib/gcc/arm-none-eabi/4.9.3/../../../../arm-none-eabi/lib/armv7e-m/fpu\libc_nano.a
END GROUP
START GROUP
LOAD c:/users/javis/documents/herramientas/eclipse/plugins/fr.ac6.mcu.externaltools.arm-none.win32_1.2.0.201505291716/tools/compiler/bin/../lib/gcc/arm-none-eabi/4.9.3/armv7e-m/fpu\libgcc.a
LOAD c:/users/javis/documents/herramientas/eclipse/plugins/fr.ac6.mcu.externaltools.arm-none.win32_1.2.0.201505291716/tools/compiler/bin/../lib/gcc/arm-none-eabi/4.9.3/../../../../arm-none-eabi/lib/armv7e-m/fpu\libc_nano.a
LOAD c:/users/javis/documents/herramientas/eclipse/plugins/fr.ac6.mcu.externaltools.arm-none.win32_1.2.0.201505291716/tools/compiler/bin/../lib/gcc/arm-none-eabi/4.9.3/../../../../arm-none-eabi/lib/armv7e-m/fpu\libnosys.a
END GROUP
START GROUP
LOAD c:/users/javis/documents/herramientas/eclipse/plugins/fr.ac6.mcu.externaltools.arm-none.win32_1.2.0.201505291716/tools/compiler/bin/../lib/gcc/arm-none-eabi/4.9.3/armv7e-m/fpu\libgcc.a
LOAD c:/users/javis/documents/herramientas/eclipse/plugins/fr.ac6.mcu.externaltools.arm-none.win32_1.2.0.201505291716/tools/compiler/bin/../lib/gcc/arm-none-eabi/4.9.3/../../../../arm-none-eabi/lib/armv7e-m/fpu\libc_nano.a
LOAD c:/users/javis/documents/herramientas/eclipse/plugins/fr.ac6.mcu.externaltools.arm-none.win32_1.2.0.201505291716/tools/compiler/bin/../lib/gcc/arm-none-eabi/4.9.3/../../../../arm-none-eabi/lib/armv7e-m/fpu\libnosys.a
END GROUP
LOAD c:/users/javis/documents/herramientas/eclipse/plugins/fr.ac6.mcu.externaltools.arm-none.win32_1.2.0.201505291716/tools/compiler/bin/../lib/gcc/arm-none-eabi/4.9.3/armv7e-m/fpu/crtend.o
LOAD c:/users/javis/documents/herramientas/eclipse/plugins/fr.ac6.mcu.externaltools.arm-none.win32_1.2.0.201505291716/tools/compiler/bin/../lib/gcc/arm-none-eabi/4.9.3/armv7e-m/fpu/crtn.o
                0x20020000                _estack = 0x20020000
                0x00000000                _Min_Heap_Size = 0x0
                0x00000000                _Min_Stack_Size = 0x0

.isr_vector     0x08000000      0x188
                0x08000000                . = ALIGN (0x4)
 *(.isr_vector)
 .isr_vector    0x08000000      0x188 ./Application/SW4STM32/startup_stm32f405xx.o
                0x08000000                g_pfnVectors
                0x08000188                . = ALIGN (0x4)

.text           0x08000188     0x3128
                0x08000188                . = ALIGN (0x4)
 *(.text)
 .text          0x08000188       0x5c c:/users/javis/documents/herramientas/eclipse/plugins/fr.ac6.mcu.externaltools.arm-none.win32_1.2.0.201505291716/tools/compiler/bin/../lib/gcc/arm-none-eabi/4.9.3/armv7e-m/fpu/crtbegin.o
 *(.text*)
 .text.USBD_Init
                0x080001e4       0x2a ./Middlewares/USB_Device_Library/usbd_core.o
                0x080001e4                USBD_Init
 .text.USBD_RegisterClass
                0x0800020e        0xe ./Middlewares/USB_Device_Library/usbd_core.o
                0x0800020e                USBD_RegisterClass
 .text.USBD_Start
                0x0800021c        0xa ./Middlewares/USB_Device_Library/usbd_core.o
                0x0800021c                USBD_Start
 .text.USBD_Stop
                0x08000226       0x18 ./Middlewares/USB_Device_Library/usbd_core.o
                0x08000226                USBD_Stop
 .text.USBD_SetClassConfig
                0x0800023e       0x16 ./Middlewares/USB_Device_Library/usbd_core.o
                0x0800023e                USBD_SetClassConfig
 .text.USBD_ClrClassConfig
                0x08000254        0xe ./Middlewares/USB_Device_Library/usbd_core.o
                0x08000254                USBD_ClrClassConfig
 .text.USBD_LL_SetupStage
                0x08000262       0x5a ./Middlewares/USB_Device_Library/usbd_core.o
                0x08000262                USBD_LL_SetupStage
 .text.USBD_LL_DataOutStage
                0x080002bc       0x60 ./Middlewares/USB_Device_Library/usbd_core.o
                0x080002bc                USBD_LL_DataOutStage
 .text.USBD_LL_DataInStage
                0x0800031c       0x9c ./Middlewares/USB_Device_Library/usbd_core.o
                0x0800031c                USBD_LL_DataInStage
 .text.USBD_LL_Reset
                0x080003b8       0x3e ./Middlewares/USB_Device_Library/usbd_core.o
                0x080003b8                USBD_LL_Reset
 .text.USBD_LL_SetSpeed
                0x080003f6        0x6 ./Middlewares/USB_Device_Library/usbd_core.o
                0x080003f6                USBD_LL_SetSpeed
 .text.USBD_LL_Suspend
                0x080003fc       0x12 ./Middlewares/USB_Device_Library/usbd_core.o
                0x080003fc                USBD_LL_Suspend
 .text.USBD_LL_Resume
                0x0800040e        0xc ./Middlewares/USB_Device_Library/usbd_core.o
                0x0800040e                USBD_LL_Resume
 .text.USBD_LL_SOF
                0x0800041a       0x18 ./Middlewares/USB_Device_Library/usbd_core.o
                0x0800041a                USBD_LL_SOF
 .text.USBD_LL_IsoINIncomplete
                0x08000432        0x4 ./Middlewares/USB_Device_Library/usbd_core.o
                0x08000432                USBD_LL_IsoINIncomplete
 .text.USBD_LL_IsoOUTIncomplete
                0x08000436        0x4 ./Middlewares/USB_Device_Library/usbd_core.o
                0x08000436                USBD_LL_IsoOUTIncomplete
 .text.USBD_LL_DevConnected
                0x0800043a        0x4 ./Middlewares/USB_Device_Library/usbd_core.o
                0x0800043a                USBD_LL_DevConnected
 .text.USBD_LL_DevDisconnected
                0x0800043e       0x16 ./Middlewares/USB_Device_Library/usbd_core.o
                0x0800043e                USBD_LL_DevDisconnected
 .text.USBD_ParseSetupRequest
                0x08000454       0x28 ./Middlewares/USB_Device_Library/usbd_ctlreq.o
                0x08000454                USBD_ParseSetupRequest
 .text.USBD_CtlError
                0x0800047c       0x16 ./Middlewares/USB_Device_Library/usbd_ctlreq.o
                0x0800047c                USBD_CtlError
 *fill*         0x08000492        0x2 
 .text.USBD_StdDevReq
                0x08000494      0x224 ./Middlewares/USB_Device_Library/usbd_ctlreq.o
                0x08000494                USBD_StdDevReq
 .text.USBD_StdItfReq
                0x080006b8       0x30 ./Middlewares/USB_Device_Library/usbd_ctlreq.o
                0x080006b8                USBD_StdItfReq
 .text.USBD_StdEPReq
                0x080006e8       0xc6 ./Middlewares/USB_Device_Library/usbd_ctlreq.o
                0x080006e8                USBD_StdEPReq
 .text.USBD_GetString
                0x080007ae       0x3a ./Middlewares/USB_Device_Library/usbd_ctlreq.o
                0x080007ae                USBD_GetString
 .text.USBD_DFU_GetCfgDesc
                0x080007e8        0xc ./Middlewares/USB_Device_Library/usbd_dfu.o
 .text.USBD_DFU_DataIn
                0x080007f4        0x4 ./Middlewares/USB_Device_Library/usbd_dfu.o
 .text.USBD_DFU_EP0_RxReady
                0x080007f8        0x4 ./Middlewares/USB_Device_Library/usbd_dfu.o
 .text.USBD_DFU_SOF
                0x080007fc        0x4 ./Middlewares/USB_Device_Library/usbd_dfu.o
 .text.USBD_DFU_IsoINIncomplete
                0x08000800        0x4 ./Middlewares/USB_Device_Library/usbd_dfu.o
 .text.USBD_DFU_IsoOutIncomplete
                0x08000804        0x4 ./Middlewares/USB_Device_Library/usbd_dfu.o
 .text.USBD_DFU_DataOut
                0x08000808        0x4 ./Middlewares/USB_Device_Library/usbd_dfu.o
 .text.USBD_DFU_GetDeviceQualifierDesc
                0x0800080c        0xc ./Middlewares/USB_Device_Library/usbd_dfu.o
 .text.USBD_DFU_GetUsrStringDesc
                0x08000818       0x20 ./Middlewares/USB_Device_Library/usbd_dfu.o
 .text.USBD_DFU_EP0_TxReady
                0x08000838      0x164 ./Middlewares/USB_Device_Library/usbd_dfu.o
 .text.USBD_DFU_DeInit
                0x0800099c       0x3e ./Middlewares/USB_Device_Library/usbd_dfu.o
 *fill*         0x080009da        0x2 
 .text.USBD_DFU_Init
                0x080009dc       0x60 ./Middlewares/USB_Device_Library/usbd_dfu.o
 .text.USBD_DFU_Setup
                0x08000a3c      0x328 ./Middlewares/USB_Device_Library/usbd_dfu.o
 .text.USBD_DFU_RegisterMedia
                0x08000d64        0xa ./Middlewares/USB_Device_Library/usbd_dfu.o
                0x08000d64                USBD_DFU_RegisterMedia
 .text.USBD_CtlSendData
                0x08000d6e       0x1c ./Middlewares/USB_Device_Library/usbd_ioreq.o
                0x08000d6e                USBD_CtlSendData
 .text.USBD_CtlContinueSendData
                0x08000d8a       0x12 ./Middlewares/USB_Device_Library/usbd_ioreq.o
                0x08000d8a                USBD_CtlContinueSendData
 .text.USBD_CtlPrepareRx
                0x08000d9c       0x20 ./Middlewares/USB_Device_Library/usbd_ioreq.o
                0x08000d9c                USBD_CtlPrepareRx
 .text.USBD_CtlContinueRx
                0x08000dbc       0x12 ./Middlewares/USB_Device_Library/usbd_ioreq.o
                0x08000dbc                USBD_CtlContinueRx
 .text.USBD_CtlSendStatus
                0x08000dce       0x16 ./Middlewares/USB_Device_Library/usbd_ioreq.o
                0x08000dce                USBD_CtlSendStatus
 .text.USBD_CtlReceiveStatus
                0x08000de4       0x16 ./Middlewares/USB_Device_Library/usbd_ioreq.o
                0x08000de4                USBD_CtlReceiveStatus
 .text.HAL_InitTick
                0x08000dfa       0x24 ./Drivers/STM32F4xx_HAL_Driver/stm32f4xx_hal.o
                0x08000dfa                HAL_InitTick
 *fill*         0x08000e1e        0x2 
 .text.HAL_Init
                0x08000e20       0x34 ./Drivers/STM32F4xx_HAL_Driver/stm32f4xx_hal.o
                0x08000e20                HAL_Init
 .text.HAL_IncTick
                0x08000e54       0x10 ./Drivers/STM32F4xx_HAL_Driver/stm32f4xx_hal.o
                0x08000e54                HAL_IncTick
 .text.HAL_GetTick
                0x08000e64        0xc ./Drivers/STM32F4xx_HAL_Driver/stm32f4xx_hal.o
                0x08000e64                HAL_GetTick
 .text.HAL_Delay
                0x08000e70       0x1a ./Drivers/STM32F4xx_HAL_Driver/stm32f4xx_hal.o
                0x08000e70                HAL_Delay
 *fill*         0x08000e8a        0x2 
 .text.HAL_NVIC_SetPriorityGrouping
                0x08000e8c       0x24 ./Drivers/STM32F4xx_HAL_Driver/stm32f4xx_hal_cortex.o
                0x08000e8c                HAL_NVIC_SetPriorityGrouping
 .text.HAL_NVIC_SetPriority
                0x08000eb0       0x60 ./Drivers/STM32F4xx_HAL_Driver/stm32f4xx_hal_cortex.o
                0x08000eb0                HAL_NVIC_SetPriority
 .text.HAL_NVIC_EnableIRQ
                0x08000f10       0x18 ./Drivers/STM32F4xx_HAL_Driver/stm32f4xx_hal_cortex.o
                0x08000f10                HAL_NVIC_EnableIRQ
 .text.HAL_SYSTICK_Config
                0x08000f28       0x2c ./Drivers/STM32F4xx_HAL_Driver/stm32f4xx_hal_cortex.o
                0x08000f28                HAL_SYSTICK_Config
 .text.HAL_SYSTICK_CLKSourceConfig
                0x08000f54       0x18 ./Drivers/STM32F4xx_HAL_Driver/stm32f4xx_hal_cortex.o
                0x08000f54                HAL_SYSTICK_CLKSourceConfig
 .text.HAL_SYSTICK_Callback
                0x08000f6c        0x2 ./Drivers/STM32F4xx_HAL_Driver/stm32f4xx_hal_cortex.o
                0x08000f6c                HAL_SYSTICK_Callback
 .text.HAL_SYSTICK_IRQHandler
                0x08000f6e        0x8 ./Drivers/STM32F4xx_HAL_Driver/stm32f4xx_hal_cortex.o
                0x08000f6e                HAL_SYSTICK_IRQHandler
 *fill*         0x08000f76        0x2 
 .text.FLASH_Program_Word
                0x08000f78       0x24 ./Drivers/STM32F4xx_HAL_Driver/stm32f4xx_hal_flash.o
 .text.FLASH_Program_HalfWord
                0x08000f9c       0x24 ./Drivers/STM32F4xx_HAL_Driver/stm32f4xx_hal_flash.o
 .text.FLASH_SetErrorCode
                0x08000fc0       0x70 ./Drivers/STM32F4xx_HAL_Driver/stm32f4xx_hal_flash.o
 .text.HAL_FLASH_Unlock
                0x08001030       0x24 ./Drivers/STM32F4xx_HAL_Driver/stm32f4xx_hal_flash.o
                0x08001030                HAL_FLASH_Unlock
 .text.HAL_FLASH_Lock
                0x08001054       0x14 ./Drivers/STM32F4xx_HAL_Driver/stm32f4xx_hal_flash.o
                0x08001054                HAL_FLASH_Lock
 .text.FLASH_WaitForLastOperation
                0x08001068       0x48 ./Drivers/STM32F4xx_HAL_Driver/stm32f4xx_hal_flash.o
                0x08001068                FLASH_WaitForLastOperation
 .text.HAL_FLASH_Program
                0x080010b0       0xac ./Drivers/STM32F4xx_HAL_Driver/stm32f4xx_hal_flash.o
                0x080010b0                HAL_FLASH_Program
 .text.FLASH_Erase_Sector
                0x0800115c       0x58 ./Drivers/STM32F4xx_HAL_Driver/stm32f4xx_hal_flash_ex.o
                0x0800115c                FLASH_Erase_Sector
 .text.HAL_GPIO_Init
                0x080011b4      0x1c8 ./Drivers/STM32F4xx_HAL_Driver/stm32f4xx_hal_gpio.o
                0x080011b4                HAL_GPIO_Init
 .text.HAL_PCD_Init
                0x0800137c       0xd6 ./Drivers/STM32F4xx_HAL_Driver/stm32f4xx_hal_pcd.o
                0x0800137c                HAL_PCD_Init
 .text.HAL_PCD_Start
                0x08001452       0x2a ./Drivers/STM32F4xx_HAL_Driver/stm32f4xx_hal_pcd.o
                0x08001452                HAL_PCD_Start
 .text.HAL_PCD_Stop
                0x0800147c       0x30 ./Drivers/STM32F4xx_HAL_Driver/stm32f4xx_hal_pcd.o
                0x0800147c                HAL_PCD_Stop
 .text.HAL_PCD_IRQHandler
                0x080014ac      0x472 ./Drivers/STM32F4xx_HAL_Driver/stm32f4xx_hal_pcd.o
                0x080014ac                HAL_PCD_IRQHandler
 .text.HAL_PCD_SetAddress
                0x0800191e       0x24 ./Drivers/STM32F4xx_HAL_Driver/stm32f4xx_hal_pcd.o
                0x0800191e                HAL_PCD_SetAddress
 .text.HAL_PCD_EP_Open
                0x08001942       0x5a ./Drivers/STM32F4xx_HAL_Driver/stm32f4xx_hal_pcd.o
                0x08001942                HAL_PCD_EP_Open
 .text.HAL_PCD_EP_Receive
                0x0800199c       0x62 ./Drivers/STM32F4xx_HAL_Driver/stm32f4xx_hal_pcd.o
                0x0800199c                HAL_PCD_EP_Receive
 .text.HAL_PCD_EP_Transmit
                0x080019fe       0x5e ./Drivers/STM32F4xx_HAL_Driver/stm32f4xx_hal_pcd.o
                0x080019fe                HAL_PCD_EP_Transmit
 .text.HAL_PCD_EP_SetStall
                0x08001a5c       0x5a ./Drivers/STM32F4xx_HAL_Driver/stm32f4xx_hal_pcd.o
                0x08001a5c                HAL_PCD_EP_SetStall
 .text.HAL_PCD_EP_ClrStall
                0x08001ab6       0x4c ./Drivers/STM32F4xx_HAL_Driver/stm32f4xx_hal_pcd.o
                0x08001ab6                HAL_PCD_EP_ClrStall
 .text.HAL_PCDEx_SetTxFiFo
                0x08001b02       0x42 ./Drivers/STM32F4xx_HAL_Driver/stm32f4xx_hal_pcd_ex.o
                0x08001b02                HAL_PCDEx_SetTxFiFo
 .text.HAL_PCDEx_SetRxFiFo
                0x08001b44        0x8 ./Drivers/STM32F4xx_HAL_Driver/stm32f4xx_hal_pcd_ex.o
                0x08001b44                HAL_PCDEx_SetRxFiFo
 .text.HAL_RCC_OscConfig
                0x08001b4c      0x320 ./Drivers/STM32F4xx_HAL_Driver/stm32f4xx_hal_rcc.o
                0x08001b4c                HAL_RCC_OscConfig
 .text.HAL_RCC_ClockConfig
                0x08001e6c      0x208 ./Drivers/STM32F4xx_HAL_Driver/stm32f4xx_hal_rcc.o
                0x08001e6c                HAL_RCC_ClockConfig
 .text.HAL_RCC_GetSysClockFreq
                0x08002074       0x84 ./Drivers/STM32F4xx_HAL_Driver/stm32f4xx_hal_rcc.o
                0x08002074                HAL_RCC_GetSysClockFreq
 .text.HAL_RCC_GetHCLKFreq
                0x080020f8       0x38 ./Drivers/STM32F4xx_HAL_Driver/stm32f4xx_hal_rcc.o
                0x080020f8                HAL_RCC_GetHCLKFreq
 .text.USB_CoreReset
                0x08002130       0x30 ./Drivers/STM32F4xx_HAL_Driver/stm32f4xx_ll_usb.o
 .text.USB_CoreInit
                0x08002160       0x76 ./Drivers/STM32F4xx_HAL_Driver/stm32f4xx_ll_usb.o
                0x08002160                USB_CoreInit
 .text.USB_EnableGlobalInt
                0x080021d6        0xc ./Drivers/STM32F4xx_HAL_Driver/stm32f4xx_ll_usb.o
                0x080021d6                USB_EnableGlobalInt
 .text.USB_DisableGlobalInt
                0x080021e2        0xc ./Drivers/STM32F4xx_HAL_Driver/stm32f4xx_ll_usb.o
                0x080021e2                USB_DisableGlobalInt
 .text.USB_SetCurrentMode
                0x080021ee       0x2c ./Drivers/STM32F4xx_HAL_Driver/stm32f4xx_ll_usb.o
                0x080021ee                USB_SetCurrentMode
 *fill*         0x0800221a        0x2 
 .text.USB_FlushTxFifo
                0x0800221c       0x24 ./Drivers/STM32F4xx_HAL_Driver/stm32f4xx_ll_usb.o
                0x0800221c                USB_FlushTxFifo
 .text.USB_FlushRxFifo
                0x08002240       0x20 ./Drivers/STM32F4xx_HAL_Driver/stm32f4xx_ll_usb.o
                0x08002240                USB_FlushRxFifo
 .text.USB_SetDevSpeed
                0x08002260        0xe ./Drivers/STM32F4xx_HAL_Driver/stm32f4xx_ll_usb.o
                0x08002260                USB_SetDevSpeed
 *fill*         0x0800226e        0x2 
 .text.USB_DevInit
                0x08002270      0x12c ./Drivers/STM32F4xx_HAL_Driver/stm32f4xx_ll_usb.o
                0x08002270                USB_DevInit
 .text.USB_GetDevSpeed
                0x0800239c       0x36 ./Drivers/STM32F4xx_HAL_Driver/stm32f4xx_ll_usb.o
                0x0800239c                USB_GetDevSpeed
 .text.USB_ActivateEndpoint
                0x080023d2       0x82 ./Drivers/STM32F4xx_HAL_Driver/stm32f4xx_ll_usb.o
                0x080023d2                USB_ActivateEndpoint
 .text.USB_EP0StartXfer
                0x08002454      0x150 ./Drivers/STM32F4xx_HAL_Driver/stm32f4xx_ll_usb.o
                0x08002454                USB_EP0StartXfer
 .text.USB_WritePacket
                0x080025a4       0x26 ./Drivers/STM32F4xx_HAL_Driver/stm32f4xx_ll_usb.o
                0x080025a4                USB_WritePacket
 *fill*         0x080025ca        0x2 
 .text.USB_EPStartXfer
                0x080025cc      0x238 ./Drivers/STM32F4xx_HAL_Driver/stm32f4xx_ll_usb.o
                0x080025cc                USB_EPStartXfer
 .text.USB_ReadPacket
                0x08002804       0x20 ./Drivers/STM32F4xx_HAL_Driver/stm32f4xx_ll_usb.o
                0x08002804                USB_ReadPacket
 .text.USB_EPSetStall
                0x08002824       0x64 ./Drivers/STM32F4xx_HAL_Driver/stm32f4xx_ll_usb.o
                0x08002824                USB_EPSetStall
 .text.USB_EPClearStall
                0x08002888       0x3e ./Drivers/STM32F4xx_HAL_Driver/stm32f4xx_ll_usb.o
                0x08002888                USB_EPClearStall
 .text.USB_StopDevice
                0x080028c6       0x42 ./Drivers/STM32F4xx_HAL_Driver/stm32f4xx_ll_usb.o
                0x080028c6                USB_StopDevice
 .text.USB_SetDevAddress
                0x08002908       0x20 ./Drivers/STM32F4xx_HAL_Driver/stm32f4xx_ll_usb.o
                0x08002908                USB_SetDevAddress
 .text.USB_DevConnect
                0x08002928       0x18 ./Drivers/STM32F4xx_HAL_Driver/stm32f4xx_ll_usb.o
                0x08002928                USB_DevConnect
 .text.USB_DevDisconnect
                0x08002940       0x18 ./Drivers/STM32F4xx_HAL_Driver/stm32f4xx_ll_usb.o
                0x08002940                USB_DevDisconnect
 .text.USB_ReadInterrupts
                0x08002958        0x8 ./Drivers/STM32F4xx_HAL_Driver/stm32f4xx_ll_usb.o
                0x08002958                USB_ReadInterrupts
 .text.USB_ReadDevAllOutEpInterrupt
                0x08002960       0x10 ./Drivers/STM32F4xx_HAL_Driver/stm32f4xx_ll_usb.o
                0x08002960                USB_ReadDevAllOutEpInterrupt
 .text.USB_ReadDevAllInEpInterrupt
                0x08002970       0x10 ./Drivers/STM32F4xx_HAL_Driver/stm32f4xx_ll_usb.o
                0x08002970                USB_ReadDevAllInEpInterrupt
 .text.USB_ReadDevOutEPInterrupt
                0x08002980       0x12 ./Drivers/STM32F4xx_HAL_Driver/stm32f4xx_ll_usb.o
                0x08002980                USB_ReadDevOutEPInterrupt
 .text.USB_ReadDevInEPInterrupt
                0x08002992       0x1e ./Drivers/STM32F4xx_HAL_Driver/stm32f4xx_ll_usb.o
                0x08002992                USB_ReadDevInEPInterrupt
 .text.USB_GetMode
                0x080029b0        0x8 ./Drivers/STM32F4xx_HAL_Driver/stm32f4xx_ll_usb.o
                0x080029b0                USB_GetMode
 .text.USB_ActivateSetup
                0x080029b8       0x36 ./Drivers/STM32F4xx_HAL_Driver/stm32f4xx_ll_usb.o
                0x080029b8                USB_ActivateSetup
 .text.USB_EP0_OutStart
                0x080029ee       0x46 ./Drivers/STM32F4xx_HAL_Driver/stm32f4xx_ll_usb.o
                0x080029ee                USB_EP0_OutStart
 .text.SystemInit
                0x08002a34       0x4c ./Drivers/CMSIS/system_stm32f4xx.o
                0x08002a34                SystemInit
 .text.MX_GPIO_Init
                0x08002a80       0xc4 ./Application/User/gpio.o
                0x08002a80                MX_GPIO_Init
 .text.SystemClock_Config
                0x08002b44       0x94 ./Application/User/main.o
                0x08002b44                SystemClock_Config
 .text.startup.main
                0x08002bd8       0x14 ./Application/User/main.o
                0x08002bd8                main
 .text.HAL_MspInit
                0x08002bec       0x18 ./Application/User/stm32f4xx_hal_msp.o
                0x08002bec                HAL_MspInit
 .text.SysTick_Handler
                0x08002c04        0xe ./Application/User/stm32f4xx_it.o
                0x08002c04                SysTick_Handler
 *fill*         0x08002c12        0x2 
 .text.OTG_HS_IRQHandler
                0x08002c14        0xc ./Application/User/stm32f4xx_it.o
                0x08002c14                OTG_HS_IRQHandler
 .text.MX_USB_DEVICE_Init
                0x08002c20       0x38 ./Application/User/usb_device.o
                0x08002c20                MX_USB_DEVICE_Init
 .text.HAL_PCD_MspInit
                0x08002c58       0xa0 ./Application/User/usbd_conf.o
                0x08002c58                HAL_PCD_MspInit
 .text.HAL_PCD_SetupStageCallback
                0x08002cf8        0xe ./Application/User/usbd_conf.o
                0x08002cf8                HAL_PCD_SetupStageCallback
 .text.HAL_PCD_DataOutStageCallback
                0x08002d06       0x12 ./Application/User/usbd_conf.o
                0x08002d06                HAL_PCD_DataOutStageCallback
 .text.HAL_PCD_DataInStageCallback
                0x08002d18       0x10 ./Application/User/usbd_conf.o
                0x08002d18                HAL_PCD_DataInStageCallback
 .text.HAL_PCD_SOFCallback
                0x08002d28        0x8 ./Application/User/usbd_conf.o
                0x08002d28                HAL_PCD_SOFCallback
 .text.HAL_PCD_ResetCallback
                0x08002d30       0x20 ./Application/User/usbd_conf.o
                0x08002d30                HAL_PCD_ResetCallback
 .text.HAL_PCD_SuspendCallback
                0x08002d50       0x30 ./Application/User/usbd_conf.o
                0x08002d50                HAL_PCD_SuspendCallback
 .text.HAL_PCD_ResumeCallback
                0x08002d80        0x8 ./Application/User/usbd_conf.o
                0x08002d80                HAL_PCD_ResumeCallback
 .text.HAL_PCD_ISOOUTIncompleteCallback
                0x08002d88        0x8 ./Application/User/usbd_conf.o
                0x08002d88                HAL_PCD_ISOOUTIncompleteCallback
 .text.HAL_PCD_ISOINIncompleteCallback
                0x08002d90        0x8 ./Application/User/usbd_conf.o
                0x08002d90                HAL_PCD_ISOINIncompleteCallback
 .text.HAL_PCD_ConnectCallback
                0x08002d98        0x8 ./Application/User/usbd_conf.o
                0x08002d98                HAL_PCD_ConnectCallback
 .text.HAL_PCD_DisconnectCallback
                0x08002da0        0x8 ./Application/User/usbd_conf.o
                0x08002da0                HAL_PCD_DisconnectCallback
 .text.USBD_LL_Init
                0x08002da8       0x64 ./Application/User/usbd_conf.o
                0x08002da8                USBD_LL_Init
 .text.USBD_LL_Start
                0x08002e0c        0xe ./Application/User/usbd_conf.o
                0x08002e0c                USBD_LL_Start
 .text.USBD_LL_Stop
                0x08002e1a        0xe ./Application/User/usbd_conf.o
                0x08002e1a                USBD_LL_Stop
 .text.USBD_LL_OpenEP
                0x08002e28       0x14 ./Application/User/usbd_conf.o
                0x08002e28                USBD_LL_OpenEP
 .text.USBD_LL_StallEP
                0x08002e3c        0xe ./Application/User/usbd_conf.o
                0x08002e3c                USBD_LL_StallEP
 .text.USBD_LL_ClearStallEP
                0x08002e4a        0xe ./Application/User/usbd_conf.o
                0x08002e4a                USBD_LL_ClearStallEP
 .text.USBD_LL_IsStallEP
                0x08002e58       0x26 ./Application/User/usbd_conf.o
                0x08002e58                USBD_LL_IsStallEP
 .text.USBD_LL_SetUSBAddress
                0x08002e7e        0xe ./Application/User/usbd_conf.o
                0x08002e7e                USBD_LL_SetUSBAddress
 .text.USBD_LL_Transmit
                0x08002e8c        0xe ./Application/User/usbd_conf.o
                0x08002e8c                USBD_LL_Transmit
 .text.USBD_LL_PrepareReceive
                0x08002e9a        0xe ./Application/User/usbd_conf.o
                0x08002e9a                USBD_LL_PrepareReceive
 .text.USBD_HS_DeviceDescriptor
                0x08002ea8        0xc ./Application/User/usbd_desc.o
                0x08002ea8                USBD_HS_DeviceDescriptor
 .text.USBD_HS_LangIDStrDescriptor
                0x08002eb4        0xc ./Application/User/usbd_desc.o
                0x08002eb4                USBD_HS_LangIDStrDescriptor
 .text.USBD_HS_ManufacturerStrDescriptor
                0x08002ec0       0x1c ./Application/User/usbd_desc.o
                0x08002ec0                USBD_HS_ManufacturerStrDescriptor
 .text.USBD_HS_ProductStrDescriptor
                0x08002edc       0x1c ./Application/User/usbd_desc.o
                0x08002edc                USBD_HS_ProductStrDescriptor
 .text.USBD_HS_SerialStrDescriptor
                0x08002ef8       0x1c ./Application/User/usbd_desc.o
                0x08002ef8                USBD_HS_SerialStrDescriptor
 .text.USBD_HS_ConfigStrDescriptor
                0x08002f14       0x1c ./Application/User/usbd_desc.o
                0x08002f14                USBD_HS_ConfigStrDescriptor
 .text.USBD_HS_InterfaceStrDescriptor
                0x08002f30       0x1c ./Application/User/usbd_desc.o
                0x08002f30                USBD_HS_InterfaceStrDescriptor
 .text.MEM_If_Read_HS
                0x08002f4c        0x4 ./Application/User/usbd_dfu_if.o
 .text.MEM_If_GetStatus_HS
                0x08002f50       0x14 ./Application/User/usbd_dfu_if.o
 .text.MEM_If_Write_HS
                0x08002f64       0x5a ./Application/User/usbd_dfu_if.o
 *fill*         0x08002fbe        0x2 
 .text.MEM_If_Erase_HS
                0x08002fc0       0x94 ./Application/User/usbd_dfu_if.o
 .text.MEM_If_DeInit_HS
                0x08003054        0xa ./Application/User/usbd_dfu_if.o
 .text.MEM_If_Init_HS
                0x0800305e        0xa ./Application/User/usbd_dfu_if.o
 .text.Reset_Handler
                0x08003068       0x50 ./Application/SW4STM32/startup_stm32f405xx.o
                0x08003068                Reset_Handler
 .text.Default_Handler
                0x080030b8        0x2 ./Application/SW4STM32/startup_stm32f405xx.o
                0x080030b8                RTC_Alarm_IRQHandler
                0x080030b8                HASH_RNG_IRQHandler
                0x080030b8                EXTI2_IRQHandler
                0x080030b8                TIM8_CC_IRQHandler
                0x080030b8                DebugMon_Handler
                0x080030b8                TIM1_CC_IRQHandler
                0x080030b8                DMA2_Stream5_IRQHandler
                0x080030b8                HardFault_Handler
                0x080030b8                DMA1_Stream5_IRQHandler
                0x080030b8                PVD_IRQHandler
                0x080030b8                SDIO_IRQHandler
                0x080030b8                TAMP_STAMP_IRQHandler
                0x080030b8                PendSV_Handler
                0x080030b8                NMI_Handler
                0x080030b8                CAN2_RX1_IRQHandler
                0x080030b8                EXTI3_IRQHandler
                0x080030b8                TIM8_TRG_COM_TIM14_IRQHandler
                0x080030b8                TIM1_UP_TIM10_IRQHandler
                0x080030b8                TIM8_UP_TIM13_IRQHandler
                0x080030b8                I2C3_ER_IRQHandler
                0x080030b8                EXTI0_IRQHandler
                0x080030b8                I2C2_EV_IRQHandler
                0x080030b8                DMA1_Stream2_IRQHandler
                0x080030b8                CAN1_RX0_IRQHandler
                0x080030b8                FPU_IRQHandler
                0x080030b8                OTG_HS_WKUP_IRQHandler
                0x080030b8                UsageFault_Handler
                0x080030b8                CAN2_SCE_IRQHandler
                0x080030b8                DMA2_Stream2_IRQHandler
                0x080030b8                SPI1_IRQHandler
                0x080030b8                TIM6_DAC_IRQHandler
                0x080030b8                TIM1_BRK_TIM9_IRQHandler
                0x080030b8                CAN2_RX0_IRQHandler
                0x080030b8                DMA2_Stream3_IRQHandler
                0x080030b8                USART6_IRQHandler
                0x080030b8                USART3_IRQHandler
                0x080030b8                CAN1_RX1_IRQHandler
                0x080030b8                UART5_IRQHandler
                0x080030b8                DMA2_Stream0_IRQHandler
                0x080030b8                TIM4_IRQHandler
                0x080030b8                I2C1_EV_IRQHandler
                0x080030b8                DMA1_Stream6_IRQHandler
                0x080030b8                DMA1_Stream1_IRQHandler
                0x080030b8                UART4_IRQHandler
                0x080030b8                TIM3_IRQHandler
                0x080030b8                RCC_IRQHandler
                0x080030b8                TIM8_BRK_TIM12_IRQHandler
                0x080030b8                Default_Handler
                0x080030b8                EXTI15_10_IRQHandler
                0x080030b8                ADC_IRQHandler
                0x080030b8                DMA1_Stream7_IRQHandler
                0x080030b8                TIM7_IRQHandler
                0x080030b8                CAN2_TX_IRQHandler
                0x080030b8                TIM5_IRQHandler
                0x080030b8                DMA2_Stream7_IRQHandler
                0x080030b8                I2C3_EV_IRQHandler
                0x080030b8                EXTI9_5_IRQHandler
                0x080030b8                RTC_WKUP_IRQHandler
                0x080030b8                SPI2_IRQHandler
                0x080030b8                OTG_HS_EP1_IN_IRQHandler
                0x080030b8                MemManage_Handler
                0x080030b8                DMA1_Stream0_IRQHandler
                0x080030b8                CAN1_TX_IRQHandler
                0x080030b8                SVC_Handler
                0x080030b8                EXTI4_IRQHandler
                0x080030b8                FSMC_IRQHandler
                0x080030b8                OTG_HS_EP1_OUT_IRQHandler
                0x080030b8                WWDG_IRQHandler
                0x080030b8                TIM2_IRQHandler
                0x080030b8                OTG_FS_WKUP_IRQHandler
                0x080030b8                TIM1_TRG_COM_TIM11_IRQHandler
                0x080030b8                EXTI1_IRQHandler
                0x080030b8                USART2_IRQHandler
                0x080030b8                I2C2_ER_IRQHandler
                0x080030b8                DMA2_Stream1_IRQHandler
                0x080030b8                CAN1_SCE_IRQHandler
                0x080030b8                FLASH_IRQHandler
                0x080030b8                DMA2_Stream4_IRQHandler
                0x080030b8                BusFault_Handler
                0x080030b8                USART1_IRQHandler
                0x080030b8                OTG_FS_IRQHandler
                0x080030b8                SPI3_IRQHandler
                0x080030b8                DMA1_Stream4_IRQHandler
                0x080030b8                I2C1_ER_IRQHandler
                0x080030b8                DMA2_Stream6_IRQHandler
                0x080030b8                DMA1_Stream3_IRQHandler
 *fill*         0x080030ba        0x2 
 .text.__libc_init_array
                0x080030bc       0x4c c:/users/javis/documents/herramientas/eclipse/plugins/fr.ac6.mcu.externaltools.arm-none.win32_1.2.0.201505291716/tools/compiler/bin/../lib/gcc/arm-none-eabi/4.9.3/../../../../arm-none-eabi/lib/armv7e-m/fpu\libc_nano.a(lib_a-init.o)
                0x080030bc                __libc_init_array
 .text.malloc   0x08003108       0x10 c:/users/javis/documents/herramientas/eclipse/plugins/fr.ac6.mcu.externaltools.arm-none.win32_1.2.0.201505291716/tools/compiler/bin/../lib/gcc/arm-none-eabi/4.9.3/../../../../arm-none-eabi/lib/armv7e-m/fpu\libc_nano.a(lib_a-malloc.o)
                0x08003108                malloc
 .text.free     0x08003118       0x10 c:/users/javis/documents/herramientas/eclipse/plugins/fr.ac6.mcu.externaltools.arm-none.win32_1.2.0.201505291716/tools/compiler/bin/../lib/gcc/arm-none-eabi/4.9.3/../../../../arm-none-eabi/lib/armv7e-m/fpu\libc_nano.a(lib_a-malloc.o)
                0x08003118                free
 .text._free_r  0x08003128       0x88 c:/users/javis/documents/herramientas/eclipse/plugins/fr.ac6.mcu.externaltools.arm-none.win32_1.2.0.201505291716/tools/compiler/bin/../lib/gcc/arm-none-eabi/4.9.3/../../../../arm-none-eabi/lib/armv7e-m/fpu\libc_nano.a(lib_a-nano-freer.o)
                0x08003128                _free_r
 .text._malloc_r
                0x080031b0       0xac c:/users/javis/documents/herramientas/eclipse/plugins/fr.ac6.mcu.externaltools.arm-none.win32_1.2.0.201505291716/tools/compiler/bin/../lib/gcc/arm-none-eabi/4.9.3/../../../../arm-none-eabi/lib/armv7e-m/fpu\libc_nano.a(lib_a-nano-mallocr.o)
                0x080031b0                _malloc_r
 .text._sbrk_r  0x0800325c       0x20 c:/users/javis/documents/herramientas/eclipse/plugins/fr.ac6.mcu.externaltools.arm-none.win32_1.2.0.201505291716/tools/compiler/bin/../lib/gcc/arm-none-eabi/4.9.3/../../../../arm-none-eabi/lib/armv7e-m/fpu\libc_nano.a(lib_a-sbrkr.o)
                0x0800325c                _sbrk_r
 .text._sbrk    0x0800327c       0x1c c:/users/javis/documents/herramientas/eclipse/plugins/fr.ac6.mcu.externaltools.arm-none.win32_1.2.0.201505291716/tools/compiler/bin/../lib/gcc/arm-none-eabi/4.9.3/../../../../arm-none-eabi/lib/armv7e-m/fpu\libnosys.a(sbrk.o)
                0x0800327c                _sbrk
 *(.glue_7)
 .glue_7        0x00000000        0x0 linker stubs
 *(.glue_7t)
 .glue_7t       0x00000000        0x0 linker stubs
 *(.eh_frame)
 .eh_frame      0x08003298        0x0 c:/users/javis/documents/herramientas/eclipse/plugins/fr.ac6.mcu.externaltools.arm-none.win32_1.2.0.201505291716/tools/compiler/bin/../lib/gcc/arm-none-eabi/4.9.3/armv7e-m/fpu/crtbegin.o
 *(.init)
 .init          0x08003298        0x4 c:/users/javis/documents/herramientas/eclipse/plugins/fr.ac6.mcu.externaltools.arm-none.win32_1.2.0.201505291716/tools/compiler/bin/../lib/gcc/arm-none-eabi/4.9.3/armv7e-m/fpu/crti.o
                0x08003298                _init
 .init          0x0800329c        0x8 c:/users/javis/documents/herramientas/eclipse/plugins/fr.ac6.mcu.externaltools.arm-none.win32_1.2.0.201505291716/tools/compiler/bin/../lib/gcc/arm-none-eabi/4.9.3/armv7e-m/fpu/crtn.o
 *(.fini)
 .fini          0x080032a4        0x4 c:/users/javis/documents/herramientas/eclipse/plugins/fr.ac6.mcu.externaltools.arm-none.win32_1.2.0.201505291716/tools/compiler/bin/../lib/gcc/arm-none-eabi/4.9.3/armv7e-m/fpu/crti.o
                0x080032a4                _fini
 .fini          0x080032a8        0x8 c:/users/javis/documents/herramientas/eclipse/plugins/fr.ac6.mcu.externaltools.arm-none.win32_1.2.0.201505291716/tools/compiler/bin/../lib/gcc/arm-none-eabi/4.9.3/armv7e-m/fpu/crtn.o
                0x080032b0                . = ALIGN (0x4)
                0x080032b0                _etext = .

.vfp11_veneer   0x080032b0        0x0
 .vfp11_veneer  0x00000000        0x0 linker stubs

.v4_bx          0x080032b0        0x0
 .v4_bx         0x00000000        0x0 linker stubs

.iplt           0x080032b0        0x0
 .iplt          0x00000000        0x0 c:/users/javis/documents/herramientas/eclipse/plugins/fr.ac6.mcu.externaltools.arm-none.win32_1.2.0.201505291716/tools/compiler/bin/../lib/gcc/arm-none-eabi/4.9.3/armv7e-m/fpu/crtbegin.o

.rodata         0x080032b0       0xac
                0x080032b0                . = ALIGN (0x4)
 *(.rodata)
 .rodata        0x080032b0       0x10 ./Drivers/STM32F4xx_HAL_Driver/stm32f4xx_hal_rcc.o
                0x080032b0                APBAHBPrescTable
 *(.rodata*)
 .rodata.str1.1
                0x080032c0       0x58 ./Application/User/usbd_desc.o
 .rodata.str1.1
                0x08003318       0x42 ./Application/User/usbd_dfu_if.o
 .rodata.str1.1
                0x0800335a        0x2 c:/users/javis/documents/herramientas/eclipse/plugins/fr.ac6.mcu.externaltools.arm-none.win32_1.2.0.201505291716/tools/compiler/bin/../lib/gcc/arm-none-eabi/4.9.3/../../../../arm-none-eabi/lib/armv7e-m/fpu\libc_nano.a(lib_a-impure.o)
                0x0800335c                . = ALIGN (0x4)

.rel.dyn        0x0800335c        0x0
 .rel.iplt      0x00000000        0x0 c:/users/javis/documents/herramientas/eclipse/plugins/fr.ac6.mcu.externaltools.arm-none.win32_1.2.0.201505291716/tools/compiler/bin/../lib/gcc/arm-none-eabi/4.9.3/armv7e-m/fpu/crtbegin.o

.ARM.extab
 *(.ARM.extab* .gnu.linkonce.armextab.*)

.ARM            0x0800335c        0x0
                0x0800335c                __exidx_start = .
 *(.ARM.exidx*)
                0x0800335c                __exidx_end = .

.preinit_array  0x0800335c        0x0
                0x0800335c                PROVIDE (__preinit_array_start, .)
 *(.preinit_array*)
                0x0800335c                PROVIDE (__preinit_array_end, .)

.init_array     0x0800335c        0x4
                0x0800335c                PROVIDE (__init_array_start, .)
 *(SORT(.init_array.*))
 *(.init_array*)
 .init_array    0x0800335c        0x4 c:/users/javis/documents/herramientas/eclipse/plugins/fr.ac6.mcu.externaltools.arm-none.win32_1.2.0.201505291716/tools/compiler/bin/../lib/gcc/arm-none-eabi/4.9.3/armv7e-m/fpu/crtbegin.o
                0x08003360                PROVIDE (__init_array_end, .)

.fini_array     0x08003360        0x4
                0x08003360                PROVIDE (__fini_array_start, .)
 *(SORT(.fini_array.*))
 *(.fini_array*)
 .fini_array    0x08003360        0x4 c:/users/javis/documents/herramientas/eclipse/plugins/fr.ac6.mcu.externaltools.arm-none.win32_1.2.0.201505291716/tools/compiler/bin/../lib/gcc/arm-none-eabi/4.9.3/armv7e-m/fpu/crtbegin.o
                0x08003364                PROVIDE (__fini_array_end, .)
                0x08003364                _sidata = LOADADDR (.data)

.data           0x20000000      0x11c load address 0x08003364
                0x20000000                . = ALIGN (0x4)
                0x20000000                _sdata = .
 *(.data)
 .data          0x20000000       0x64 ./Middlewares/USB_Device_Library/usbd_dfu.o
                0x20000028                USBD_DFU
 .data          0x20000064        0x4 ./Drivers/CMSIS/system_stm32f4xx.o
                0x20000064                SystemCoreClock
 .data          0x20000068       0x34 ./Application/User/usbd_desc.o
                0x20000068                USBD_HS_DeviceDesc
                0x2000007c                USBD_LangIDDesc
                0x20000080                HS_Desc
 .data          0x2000009c       0x1c ./Application/User/usbd_dfu_if.o
                0x2000009c                USBD_DFU_fops_HS
 *(.data*)
 .data.impure_data
                0x200000b8       0x60 c:/users/javis/documents/herramientas/eclipse/plugins/fr.ac6.mcu.externaltools.arm-none.win32_1.2.0.201505291716/tools/compiler/bin/../lib/gcc/arm-none-eabi/4.9.3/../../../../arm-none-eabi/lib/armv7e-m/fpu\libc_nano.a(lib_a-impure.o)
 .data._impure_ptr
                0x20000118        0x4 c:/users/javis/documents/herramientas/eclipse/plugins/fr.ac6.mcu.externaltools.arm-none.win32_1.2.0.201505291716/tools/compiler/bin/../lib/gcc/arm-none-eabi/4.9.3/../../../../arm-none-eabi/lib/armv7e-m/fpu\libc_nano.a(lib_a-impure.o)
                0x20000118                _impure_ptr
                0x2000011c                . = ALIGN (0x4)
                0x2000011c                _edata = .
                0x08003480                _siccmram = LOADADDR (.ccmram)

.jcr            0x2000011c        0x0 load address 0x08003480
 .jcr           0x2000011c        0x0 c:/users/javis/documents/herramientas/eclipse/plugins/fr.ac6.mcu.externaltools.arm-none.win32_1.2.0.201505291716/tools/compiler/bin/../lib/gcc/arm-none-eabi/4.9.3/armv7e-m/fpu/crtbegin.o

.igot.plt       0x2000011c        0x0 load address 0x08003480
 .igot.plt      0x00000000        0x0 c:/users/javis/documents/herramientas/eclipse/plugins/fr.ac6.mcu.externaltools.arm-none.win32_1.2.0.201505291716/tools/compiler/bin/../lib/gcc/arm-none-eabi/4.9.3/armv7e-m/fpu/crtbegin.o

.ccmram         0x10000000        0x0 load address 0x08003480
                0x10000000                . = ALIGN (0x4)
                0x10000000                _sccmram = .
 *(.ccmram)
 *(.ccmram*)
                0x10000000                . = ALIGN (0x4)
                0x10000000                _eccmram = .
                0x10000000                . = ALIGN (0x4)

.bss            0x2000011c      0x928
                0x2000011c                _sbss = .
                0x2000011c                __bss_start__ = _sbss
 *(.bss)
 .bss           0x2000011c       0x1c c:/users/javis/documents/herramientas/eclipse/plugins/fr.ac6.mcu.externaltools.arm-none.win32_1.2.0.201505291716/tools/compiler/bin/../lib/gcc/arm-none-eabi/4.9.3/armv7e-m/fpu/crtbegin.o
 .bss           0x20000138        0x1 ./Middlewares/USB_Device_Library/usbd_ctlreq.o
 .bss           0x20000139       0xff ./Middlewares/USB_Device_Library/usbd_dfu.o
 .bss           0x20000238        0x4 ./Drivers/STM32F4xx_HAL_Driver/stm32f4xx_hal.o
 *(.bss*)
 .bss.__malloc_sbrk_start
                0x2000023c        0x4 c:/users/javis/documents/herramientas/eclipse/plugins/fr.ac6.mcu.externaltools.arm-none.win32_1.2.0.201505291716/tools/compiler/bin/../lib/gcc/arm-none-eabi/4.9.3/../../../../arm-none-eabi/lib/armv7e-m/fpu\libc_nano.a(lib_a-nano-mallocr.o)
                0x2000023c                __malloc_sbrk_start
 .bss.__malloc_free_list
                0x20000240        0x4 c:/users/javis/documents/herramientas/eclipse/plugins/fr.ac6.mcu.externaltools.arm-none.win32_1.2.0.201505291716/tools/compiler/bin/../lib/gcc/arm-none-eabi/4.9.3/../../../../arm-none-eabi/lib/armv7e-m/fpu\libc_nano.a(lib_a-nano-mallocr.o)
                0x20000240                __malloc_free_list
 .bss.heap_end.4079
                0x20000244        0x4 c:/users/javis/documents/herramientas/eclipse/plugins/fr.ac6.mcu.externaltools.arm-none.win32_1.2.0.201505291716/tools/compiler/bin/../lib/gcc/arm-none-eabi/4.9.3/../../../../arm-none-eabi/lib/armv7e-m/fpu\libnosys.a(sbrk.o)
 *(COMMON)
 COMMON         0x20000248       0x20 ./Drivers/STM32F4xx_HAL_Driver/stm32f4xx_hal_flash.o
                0x20000248                pFlash
 COMMON         0x20000268      0x224 ./Application/User/usb_device.o
                0x20000268                hUsbDeviceHS
 COMMON         0x2000048c      0x3b4 ./Application/User/usbd_conf.o
                0x2000048c                hpcd_USB_OTG_HS
 COMMON         0x20000840      0x200 ./Application/User/usbd_desc.o
                0x20000840                USBD_StrDesc
 COMMON         0x20000a40        0x4 c:/users/javis/documents/herramientas/eclipse/plugins/fr.ac6.mcu.externaltools.arm-none.win32_1.2.0.201505291716/tools/compiler/bin/../lib/gcc/arm-none-eabi/4.9.3/../../../../arm-none-eabi/lib/armv7e-m/fpu\libc_nano.a(lib_a-reent.o)
                0x20000a40                errno
                0x20000a44                . = ALIGN (0x4)
                0x20000a44                _ebss = .
                0x20000a44                __bss_end__ = _ebss

._user_heap_stack
                0x20000a44        0x0
                0x20000a44                . = ALIGN (0x4)
                0x20000a44                PROVIDE (end, .)
                0x20000a44                PROVIDE (_end, .)
                0x20000a44                . = (. + _Min_Heap_Size)
                0x20000a44                . = (. + _Min_Stack_Size)
                0x20000a44                . = ALIGN (0x4)

/DISCARD/
 libc.a(*)
 libm.a(*)
 libgcc.a(*)

.ARM.attributes
                0x00000000       0x30
 *(.ARM.attributes)
 .ARM.attributes
                0x00000000       0x22 c:/users/javis/documents/herramientas/eclipse/plugins/fr.ac6.mcu.externaltools.arm-none.win32_1.2.0.201505291716/tools/compiler/bin/../lib/gcc/arm-none-eabi/4.9.3/armv7e-m/fpu/crti.o
 .ARM.attributes
                0x00000022       0x34 c:/users/javis/documents/herramientas/eclipse/plugins/fr.ac6.mcu.externaltools.arm-none.win32_1.2.0.201505291716/tools/compiler/bin/../lib/gcc/arm-none-eabi/4.9.3/armv7e-m/fpu/crtbegin.o
 .ARM.attributes
                0x00000056       0x39 ./Middlewares/USB_Device_Library/usbd_core.o
 .ARM.attributes
                0x0000008f       0x39 ./Middlewares/USB_Device_Library/usbd_ctlreq.o
 .ARM.attributes
                0x000000c8       0x39 ./Middlewares/USB_Device_Library/usbd_dfu.o
 .ARM.attributes
                0x00000101       0x39 ./Middlewares/USB_Device_Library/usbd_ioreq.o
 .ARM.attributes
                0x0000013a       0x39 ./Drivers/STM32F4xx_HAL_Driver/stm32f4xx_hal.o
 .ARM.attributes
                0x00000173       0x39 ./Drivers/STM32F4xx_HAL_Driver/stm32f4xx_hal_cortex.o
 .ARM.attributes
                0x000001ac       0x39 ./Drivers/STM32F4xx_HAL_Driver/stm32f4xx_hal_flash.o
 .ARM.attributes
                0x000001e5       0x39 ./Drivers/STM32F4xx_HAL_Driver/stm32f4xx_hal_flash_ex.o
 .ARM.attributes
                0x0000021e       0x39 ./Drivers/STM32F4xx_HAL_Driver/stm32f4xx_hal_gpio.o
 .ARM.attributes
                0x00000257       0x39 ./Drivers/STM32F4xx_HAL_Driver/stm32f4xx_hal_pcd.o
 .ARM.attributes
                0x00000290       0x39 ./Drivers/STM32F4xx_HAL_Driver/stm32f4xx_hal_pcd_ex.o
 .ARM.attributes
                0x000002c9       0x39 ./Drivers/STM32F4xx_HAL_Driver/stm32f4xx_hal_rcc.o
 .ARM.attributes
                0x00000302       0x39 ./Drivers/STM32F4xx_HAL_Driver/stm32f4xx_ll_usb.o
 .ARM.attributes
                0x0000033b       0x39 ./Drivers/CMSIS/system_stm32f4xx.o
 .ARM.attributes
                0x00000374       0x39 ./Application/User/gpio.o
 .ARM.attributes
                0x000003ad       0x39 ./Application/User/main.o
 .ARM.attributes
                0x000003e6       0x39 ./Application/User/stm32f4xx_hal_msp.o
 .ARM.attributes
                0x0000041f       0x39 ./Application/User/stm32f4xx_it.o
 .ARM.attributes
                0x00000458       0x39 ./Application/User/usb_device.o
 .ARM.attributes
                0x00000491       0x39 ./Application/User/usbd_conf.o
 .ARM.attributes
                0x000004ca       0x39 ./Application/User/usbd_desc.o
 .ARM.attributes
                0x00000503       0x39 ./Application/User/usbd_dfu_if.o
 .ARM.attributes
                0x0000053c       0x21 ./Application/SW4STM32/startup_stm32f405xx.o
 .ARM.attributes
                0x0000055d       0x34 c:/users/javis/documents/herramientas/eclipse/plugins/fr.ac6.mcu.externaltools.arm-none.win32_1.2.0.201505291716/tools/compiler/bin/../lib/gcc/arm-none-eabi/4.9.3/../../../../arm-none-eabi/lib/armv7e-m/fpu\libc_nano.a(lib_a-impure.o)
 .ARM.attributes
                0x00000591       0x34 c:/users/javis/documents/herramientas/eclipse/plugins/fr.ac6.mcu.externaltools.arm-none.win32_1.2.0.201505291716/tools/compiler/bin/../lib/gcc/arm-none-eabi/4.9.3/../../../../arm-none-eabi/lib/armv7e-m/fpu\libc_nano.a(lib_a-init.o)
 .ARM.attributes
                0x000005c5       0x34 c:/users/javis/documents/herramientas/eclipse/plugins/fr.ac6.mcu.externaltools.arm-none.win32_1.2.0.201505291716/tools/compiler/bin/../lib/gcc/arm-none-eabi/4.9.3/../../../../arm-none-eabi/lib/armv7e-m/fpu\libc_nano.a(lib_a-malloc.o)
 .ARM.attributes
                0x000005f9       0x34 c:/users/javis/documents/herramientas/eclipse/plugins/fr.ac6.mcu.externaltools.arm-none.win32_1.2.0.201505291716/tools/compiler/bin/../lib/gcc/arm-none-eabi/4.9.3/../../../../arm-none-eabi/lib/armv7e-m/fpu\libc_nano.a(lib_a-nano-freer.o)
 .ARM.attributes
                0x0000062d       0x34 c:/users/javis/documents/herramientas/eclipse/plugins/fr.ac6.mcu.externaltools.arm-none.win32_1.2.0.201505291716/tools/compiler/bin/../lib/gcc/arm-none-eabi/4.9.3/../../../../arm-none-eabi/lib/armv7e-m/fpu\libc_nano.a(lib_a-nano-mallocr.o)
 .ARM.attributes
                0x00000661       0x34 c:/users/javis/documents/herramientas/eclipse/plugins/fr.ac6.mcu.externaltools.arm-none.win32_1.2.0.201505291716/tools/compiler/bin/../lib/gcc/arm-none-eabi/4.9.3/../../../../arm-none-eabi/lib/armv7e-m/fpu\libc_nano.a(lib_a-sbrkr.o)
 .ARM.attributes
                0x00000695       0x34 c:/users/javis/documents/herramientas/eclipse/plugins/fr.ac6.mcu.externaltools.arm-none.win32_1.2.0.201505291716/tools/compiler/bin/../lib/gcc/arm-none-eabi/4.9.3/../../../../arm-none-eabi/lib/armv7e-m/fpu\libc_nano.a(lib_a-reent.o)
 .ARM.attributes
                0x000006c9       0x34 c:/users/javis/documents/herramientas/eclipse/plugins/fr.ac6.mcu.externaltools.arm-none.win32_1.2.0.201505291716/tools/compiler/bin/../lib/gcc/arm-none-eabi/4.9.3/../../../../arm-none-eabi/lib/armv7e-m/fpu\libnosys.a(sbrk.o)
 .ARM.attributes
                0x000006fd       0x22 c:/users/javis/documents/herramientas/eclipse/plugins/fr.ac6.mcu.externaltools.arm-none.win32_1.2.0.201505291716/tools/compiler/bin/../lib/gcc/arm-none-eabi/4.9.3/armv7e-m/fpu/crtn.o
OUTPUT(MuBABoot.elf elf32-littlearm)

.debug_info     0x00000000     0xe890
 .debug_info    0x00000000      0xcf9 ./Middlewares/USB_Device_Library/usbd_core.o
 .debug_info    0x00000cf9      0xc6a ./Middlewares/USB_Device_Library/usbd_ctlreq.o
 .debug_info    0x00001963     0x11ad ./Middlewares/USB_Device_Library/usbd_dfu.o
 .debug_info    0x00002b10      0x7ba ./Middlewares/USB_Device_Library/usbd_ioreq.o
 .debug_info    0x000032ca      0x9ac ./Drivers/STM32F4xx_HAL_Driver/stm32f4xx_hal.o
 .debug_info    0x00003c76      0xcbc ./Drivers/STM32F4xx_HAL_Driver/stm32f4xx_hal_cortex.o
 .debug_info    0x00004932      0x6dd ./Drivers/STM32F4xx_HAL_Driver/stm32f4xx_hal_flash.o
 .debug_info    0x0000500f      0x8bc ./Drivers/STM32F4xx_HAL_Driver/stm32f4xx_hal_flash_ex.o
 .debug_info    0x000058cb      0x70e ./Drivers/STM32F4xx_HAL_Driver/stm32f4xx_hal_gpio.o
 .debug_info    0x00005fd9     0x15b3 ./Drivers/STM32F4xx_HAL_Driver/stm32f4xx_hal_pcd.o
 .debug_info    0x0000758c      0x555 ./Drivers/STM32F4xx_HAL_Driver/stm32f4xx_hal_pcd_ex.o
 .debug_info    0x00007ae1     0x102c ./Drivers/STM32F4xx_HAL_Driver/stm32f4xx_hal_rcc.o
 .debug_info    0x00008b0d     0x160a ./Drivers/STM32F4xx_HAL_Driver/stm32f4xx_ll_usb.o
 .debug_info    0x0000a117      0x4a9 ./Drivers/CMSIS/system_stm32f4xx.o
 .debug_info    0x0000a5c0      0x49b ./Application/User/gpio.o
 .debug_info    0x0000aa5b      0x622 ./Application/User/main.o
 .debug_info    0x0000b07d      0x34e ./Application/User/stm32f4xx_hal_msp.o
 .debug_info    0x0000b3cb      0x503 ./Application/User/stm32f4xx_it.o
 .debug_info    0x0000b8ce      0x6eb ./Application/User/usb_device.o
 .debug_info    0x0000bfb9     0x1abc ./Application/User/usbd_conf.o
 .debug_info    0x0000da75      0x4e9 ./Application/User/usbd_desc.o
 .debug_info    0x0000df5e      0x857 ./Application/User/usbd_dfu_if.o
 .debug_info    0x0000e7b5       0xdb ./Application/SW4STM32/startup_stm32f405xx.o

.debug_abbrev   0x00000000     0x2f4c
 .debug_abbrev  0x00000000      0x27b ./Middlewares/USB_Device_Library/usbd_core.o
 .debug_abbrev  0x0000027b      0x2dc ./Middlewares/USB_Device_Library/usbd_ctlreq.o
 .debug_abbrev  0x00000557      0x354 ./Middlewares/USB_Device_Library/usbd_dfu.o
 .debug_abbrev  0x000008ab      0x16d ./Middlewares/USB_Device_Library/usbd_ioreq.o
 .debug_abbrev  0x00000a18      0x275 ./Drivers/STM32F4xx_HAL_Driver/stm32f4xx_hal.o
 .debug_abbrev  0x00000c8d      0x2e8 ./Drivers/STM32F4xx_HAL_Driver/stm32f4xx_hal_cortex.o
 .debug_abbrev  0x00000f75      0x29f ./Drivers/STM32F4xx_HAL_Driver/stm32f4xx_hal_flash.o
 .debug_abbrev  0x00001214      0x2c7 ./Drivers/STM32F4xx_HAL_Driver/stm32f4xx_hal_flash_ex.o
 .debug_abbrev  0x000014db      0x1c9 ./Drivers/STM32F4xx_HAL_Driver/stm32f4xx_hal_gpio.o
 .debug_abbrev  0x000016a4      0x303 ./Drivers/STM32F4xx_HAL_Driver/stm32f4xx_hal_pcd.o
 .debug_abbrev  0x000019a7      0x170 ./Drivers/STM32F4xx_HAL_Driver/stm32f4xx_hal_pcd_ex.o
 .debug_abbrev  0x00001b17      0x2e7 ./Drivers/STM32F4xx_HAL_Driver/stm32f4xx_hal_rcc.o
 .debug_abbrev  0x00001dfe      0x26e ./Drivers/STM32F4xx_HAL_Driver/stm32f4xx_ll_usb.o
 .debug_abbrev  0x0000206c      0x104 ./Drivers/CMSIS/system_stm32f4xx.o
 .debug_abbrev  0x00002170      0x14b ./Application/User/gpio.o
 .debug_abbrev  0x000022bb      0x226 ./Application/User/main.o
 .debug_abbrev  0x000024e1       0xd4 ./Application/User/stm32f4xx_hal_msp.o
 .debug_abbrev  0x000025b5      0x187 ./Application/User/stm32f4xx_it.o
 .debug_abbrev  0x0000273c      0x18f ./Application/User/usb_device.o
 .debug_abbrev  0x000028cb      0x2b5 ./Application/User/usbd_conf.o
 .debug_abbrev  0x00002b80      0x1c7 ./Application/User/usbd_desc.o
 .debug_abbrev  0x00002d47      0x1f3 ./Application/User/usbd_dfu_if.o
 .debug_abbrev  0x00002f3a       0x12 ./Application/SW4STM32/startup_stm32f405xx.o

.debug_loc      0x00000000     0x5b6d
 .debug_loc     0x00000000      0x645 ./Middlewares/USB_Device_Library/usbd_core.o
 .debug_loc     0x00000645      0x75f ./Middlewares/USB_Device_Library/usbd_ctlreq.o
 .debug_loc     0x00000da4      0xa37 ./Middlewares/USB_Device_Library/usbd_dfu.o
 .debug_loc     0x000017db      0x204 ./Middlewares/USB_Device_Library/usbd_ioreq.o
 .debug_loc     0x000019df       0xa8 ./Drivers/STM32F4xx_HAL_Driver/stm32f4xx_hal.o
 .debug_loc     0x00001a87      0x31e ./Drivers/STM32F4xx_HAL_Driver/stm32f4xx_hal_cortex.o
 .debug_loc     0x00001da5      0x2d7 ./Drivers/STM32F4xx_HAL_Driver/stm32f4xx_hal_flash.o
 .debug_loc     0x0000207c      0x3f6 ./Drivers/STM32F4xx_HAL_Driver/stm32f4xx_hal_flash_ex.o
 .debug_loc     0x00002472      0x3b7 ./Drivers/STM32F4xx_HAL_Driver/stm32f4xx_hal_gpio.o
 .debug_loc     0x00002829      0xafb ./Drivers/STM32F4xx_HAL_Driver/stm32f4xx_hal_pcd.o
 .debug_loc     0x00003324       0xda ./Drivers/STM32F4xx_HAL_Driver/stm32f4xx_hal_pcd_ex.o
 .debug_loc     0x000033fe      0x77b ./Drivers/STM32F4xx_HAL_Driver/stm32f4xx_hal_rcc.o
 .debug_loc     0x00003b79     0x13b8 ./Drivers/STM32F4xx_HAL_Driver/stm32f4xx_ll_usb.o
 .debug_loc     0x00004f31       0xda ./Drivers/CMSIS/system_stm32f4xx.o
 .debug_loc     0x0000500b      0x6b1 ./Application/User/usbd_conf.o
 .debug_loc     0x000056bc      0x273 ./Application/User/usbd_desc.o
 .debug_loc     0x0000592f      0x23e ./Application/User/usbd_dfu_if.o

.debug_aranges  0x00000000      0xa30
 .debug_aranges
                0x00000000       0xb8 ./Middlewares/USB_Device_Library/usbd_core.o
 .debug_aranges
                0x000000b8       0x48 ./Middlewares/USB_Device_Library/usbd_ctlreq.o
 .debug_aranges
                0x00000100       0x88 ./Middlewares/USB_Device_Library/usbd_dfu.o
 .debug_aranges
                0x00000188       0x50 ./Middlewares/USB_Device_Library/usbd_ioreq.o
 .debug_aranges
                0x000001d8       0xc0 ./Drivers/STM32F4xx_HAL_Driver/stm32f4xx_hal.o
 .debug_aranges
                0x00000298       0x90 ./Drivers/STM32F4xx_HAL_Driver/stm32f4xx_hal_cortex.o
 .debug_aranges
                0x00000328       0x90 ./Drivers/STM32F4xx_HAL_Driver/stm32f4xx_hal_flash.o
 .debug_aranges
                0x000003b8       0x48 ./Drivers/STM32F4xx_HAL_Driver/stm32f4xx_hal_flash_ex.o
 .debug_aranges
                0x00000400       0x58 ./Drivers/STM32F4xx_HAL_Driver/stm32f4xx_hal_gpio.o
 .debug_aranges
                0x00000458      0x118 ./Drivers/STM32F4xx_HAL_Driver/stm32f4xx_hal_pcd.o
 .debug_aranges
                0x00000570       0x28 ./Drivers/STM32F4xx_HAL_Driver/stm32f4xx_hal_pcd_ex.o
 .debug_aranges
                0x00000598       0x88 ./Drivers/STM32F4xx_HAL_Driver/stm32f4xx_hal_rcc.o
 .debug_aranges
                0x00000620      0x180 ./Drivers/STM32F4xx_HAL_Driver/stm32f4xx_ll_usb.o
 .debug_aranges
                0x000007a0       0x28 ./Drivers/CMSIS/system_stm32f4xx.o
 .debug_aranges
                0x000007c8       0x20 ./Application/User/gpio.o
 .debug_aranges
                0x000007e8       0x28 ./Application/User/main.o
 .debug_aranges
                0x00000810       0x20 ./Application/User/stm32f4xx_hal_msp.o
 .debug_aranges
                0x00000830       0x28 ./Application/User/stm32f4xx_it.o
 .debug_aranges
                0x00000858       0x20 ./Application/User/usb_device.o
 .debug_aranges
                0x00000878       0xf8 ./Application/User/usbd_conf.o
 .debug_aranges
                0x00000970       0x50 ./Application/User/usbd_desc.o
 .debug_aranges
                0x000009c0       0x48 ./Application/User/usbd_dfu_if.o
 .debug_aranges
                0x00000a08       0x28 ./Application/SW4STM32/startup_stm32f405xx.o

.debug_ranges   0x00000000      0xb70
 .debug_ranges  0x00000000       0xa8 ./Middlewares/USB_Device_Library/usbd_core.o
 .debug_ranges  0x000000a8       0x38 ./Middlewares/USB_Device_Library/usbd_ctlreq.o
 .debug_ranges  0x000000e0       0x78 ./Middlewares/USB_Device_Library/usbd_dfu.o
 .debug_ranges  0x00000158       0x40 ./Middlewares/USB_Device_Library/usbd_ioreq.o
 .debug_ranges  0x00000198       0xb0 ./Drivers/STM32F4xx_HAL_Driver/stm32f4xx_hal.o
 .debug_ranges  0x00000248      0x118 ./Drivers/STM32F4xx_HAL_Driver/stm32f4xx_hal_cortex.o
 .debug_ranges  0x00000360       0xb0 ./Drivers/STM32F4xx_HAL_Driver/stm32f4xx_hal_flash.o
 .debug_ranges  0x00000410       0xd8 ./Drivers/STM32F4xx_HAL_Driver/stm32f4xx_hal_flash_ex.o
 .debug_ranges  0x000004e8       0x60 ./Drivers/STM32F4xx_HAL_Driver/stm32f4xx_hal_gpio.o
 .debug_ranges  0x00000548      0x108 ./Drivers/STM32F4xx_HAL_Driver/stm32f4xx_hal_pcd.o
 .debug_ranges  0x00000650       0x18 ./Drivers/STM32F4xx_HAL_Driver/stm32f4xx_hal_pcd_ex.o
 .debug_ranges  0x00000668       0xc8 ./Drivers/STM32F4xx_HAL_Driver/stm32f4xx_hal_rcc.o
 .debug_ranges  0x00000730      0x170 ./Drivers/STM32F4xx_HAL_Driver/stm32f4xx_ll_usb.o
 .debug_ranges  0x000008a0       0x18 ./Drivers/CMSIS/system_stm32f4xx.o
 .debug_ranges  0x000008b8       0x50 ./Application/User/gpio.o
 .debug_ranges  0x00000908       0x38 ./Application/User/main.o
 .debug_ranges  0x00000940       0x10 ./Application/User/stm32f4xx_hal_msp.o
 .debug_ranges  0x00000950       0x18 ./Application/User/stm32f4xx_it.o
 .debug_ranges  0x00000968       0x10 ./Application/User/usb_device.o
 .debug_ranges  0x00000978      0x100 ./Application/User/usbd_conf.o
 .debug_ranges  0x00000a78       0xa0 ./Application/User/usbd_desc.o
 .debug_ranges  0x00000b18       0x38 ./Application/User/usbd_dfu_if.o
 .debug_ranges  0x00000b50       0x20 ./Application/SW4STM32/startup_stm32f405xx.o

.debug_macro    0x00000000    0x13ca8
 .debug_macro   0x00000000      0x2f4 ./Middlewares/USB_Device_Library/usbd_core.o
 .debug_macro   0x000002f4      0x87a ./Middlewares/USB_Device_Library/usbd_core.o
 .debug_macro   0x00000b6e       0x58 ./Middlewares/USB_Device_Library/usbd_core.o
 .debug_macro   0x00000bc6       0x22 ./Middlewares/USB_Device_Library/usbd_core.o
 .debug_macro   0x00000be8       0x35 ./Middlewares/USB_Device_Library/usbd_core.o
 .debug_macro   0x00000c1d       0x9c ./Middlewares/USB_Device_Library/usbd_core.o
 .debug_macro   0x00000cb9       0x16 ./Middlewares/USB_Device_Library/usbd_core.o
 .debug_macro   0x00000ccf       0x4a ./Middlewares/USB_Device_Library/usbd_core.o
 .debug_macro   0x00000d19       0x97 ./Middlewares/USB_Device_Library/usbd_core.o
 .debug_macro   0x00000db0      0x29d ./Middlewares/USB_Device_Library/usbd_core.o
 .debug_macro   0x0000104d       0xef ./Middlewares/USB_Device_Library/usbd_core.o
 .debug_macro   0x0000113c       0x10 ./Middlewares/USB_Device_Library/usbd_core.o
 .debug_macro   0x0000114c       0x52 ./Middlewares/USB_Device_Library/usbd_core.o
 .debug_macro   0x0000119e       0x16 ./Middlewares/USB_Device_Library/usbd_core.o
 .debug_macro   0x000011b4       0x43 ./Middlewares/USB_Device_Library/usbd_core.o
 .debug_macro   0x000011f7      0x180 ./Middlewares/USB_Device_Library/usbd_core.o
 .debug_macro   0x00001377       0x10 ./Middlewares/USB_Device_Library/usbd_core.o
 .debug_macro   0x00001387       0x22 ./Middlewares/USB_Device_Library/usbd_core.o
 .debug_macro   0x000013a9       0xbd ./Middlewares/USB_Device_Library/usbd_core.o
 .debug_macro   0x00001466       0x16 ./Middlewares/USB_Device_Library/usbd_core.o
 .debug_macro   0x0000147c      0x196 ./Middlewares/USB_Device_Library/usbd_core.o
 .debug_macro   0x00001612       0x16 ./Middlewares/USB_Device_Library/usbd_core.o
 .debug_macro   0x00001628       0x35 ./Middlewares/USB_Device_Library/usbd_core.o
 .debug_macro   0x0000165d       0x16 ./Middlewares/USB_Device_Library/usbd_core.o
 .debug_macro   0x00001673       0x29 ./Middlewares/USB_Device_Library/usbd_core.o
 .debug_macro   0x0000169c       0x16 ./Middlewares/USB_Device_Library/usbd_core.o
 .debug_macro   0x000016b2       0x2e ./Middlewares/USB_Device_Library/usbd_core.o
 .debug_macro   0x000016e0       0x28 ./Middlewares/USB_Device_Library/usbd_core.o
 .debug_macro   0x00001708       0x3b ./Middlewares/USB_Device_Library/usbd_core.o
 .debug_macro   0x00001743       0x1c ./Middlewares/USB_Device_Library/usbd_core.o
 .debug_macro   0x0000175f      0x1f7 ./Middlewares/USB_Device_Library/usbd_core.o
 .debug_macro   0x00001956       0x2d ./Middlewares/USB_Device_Library/usbd_core.o
 .debug_macro   0x00001983       0x26 ./Middlewares/USB_Device_Library/usbd_core.o
 .debug_macro   0x000019a9      0xd39 ./Middlewares/USB_Device_Library/usbd_core.o
 .debug_macro   0x000026e2     0x8995 ./Middlewares/USB_Device_Library/usbd_core.o
 .debug_macro   0x0000b077       0x43 ./Middlewares/USB_Device_Library/usbd_core.o
 .debug_macro   0x0000b0ba      0x1a2 ./Middlewares/USB_Device_Library/usbd_core.o
 .debug_macro   0x0000b25c     0x2bf9 ./Middlewares/USB_Device_Library/usbd_core.o
 .debug_macro   0x0000de55       0x57 ./Middlewares/USB_Device_Library/usbd_core.o
 .debug_macro   0x0000deac      0x3c2 ./Middlewares/USB_Device_Library/usbd_core.o
 .debug_macro   0x0000e26e      0xbb0 ./Middlewares/USB_Device_Library/usbd_core.o
 .debug_macro   0x0000ee1e      0x11e ./Middlewares/USB_Device_Library/usbd_core.o
 .debug_macro   0x0000ef3c      0x130 ./Middlewares/USB_Device_Library/usbd_core.o
 .debug_macro   0x0000f06c       0x27 ./Middlewares/USB_Device_Library/usbd_core.o
 .debug_macro   0x0000f093      0x272 ./Middlewares/USB_Device_Library/usbd_core.o
 .debug_macro   0x0000f305       0x5f ./Middlewares/USB_Device_Library/usbd_core.o
 .debug_macro   0x0000f364       0x5d ./Middlewares/USB_Device_Library/usbd_core.o
 .debug_macro   0x0000f3c1      0x13a ./Middlewares/USB_Device_Library/usbd_core.o
 .debug_macro   0x0000f4fb      0x21e ./Middlewares/USB_Device_Library/usbd_core.o
 .debug_macro   0x0000f719       0x2e ./Middlewares/USB_Device_Library/usbd_core.o
 .debug_macro   0x0000f747      0x12c ./Middlewares/USB_Device_Library/usbd_core.o
 .debug_macro   0x0000f873       0x71 ./Middlewares/USB_Device_Library/usbd_core.o
 .debug_macro   0x0000f8e4       0x90 ./Middlewares/USB_Device_Library/usbd_core.o
 .debug_macro   0x0000f974      0x1df ./Middlewares/USB_Device_Library/usbd_core.o
 .debug_macro   0x0000fb53      0x119 ./Middlewares/USB_Device_Library/usbd_core.o
 .debug_macro   0x0000fc6c      0x125 ./Middlewares/USB_Device_Library/usbd_core.o
 .debug_macro   0x0000fd91       0x7c ./Middlewares/USB_Device_Library/usbd_core.o
 .debug_macro   0x0000fe0d      0x1c9 ./Middlewares/USB_Device_Library/usbd_core.o
 .debug_macro   0x0000ffd6      0x2fe ./Middlewares/USB_Device_Library/usbd_ctlreq.o
 .debug_macro   0x000102d4      0x1c3 ./Middlewares/USB_Device_Library/usbd_ctlreq.o
 .debug_macro   0x00010497      0x327 ./Middlewares/USB_Device_Library/usbd_dfu.o
 .debug_macro   0x000107be      0x10a ./Middlewares/USB_Device_Library/usbd_dfu.o
 .debug_macro   0x000108c8      0x2fa ./Middlewares/USB_Device_Library/usbd_ioreq.o
 .debug_macro   0x00010bc2      0x2bd ./Drivers/STM32F4xx_HAL_Driver/stm32f4xx_hal.o
 .debug_macro   0x00010e7f       0x44 ./Drivers/STM32F4xx_HAL_Driver/stm32f4xx_hal.o
 .debug_macro   0x00010ec3      0x26f ./Drivers/STM32F4xx_HAL_Driver/stm32f4xx_hal_cortex.o
 .debug_macro   0x00011132      0x27b ./Drivers/STM32F4xx_HAL_Driver/stm32f4xx_hal_flash.o
 .debug_macro   0x000113ad      0x27b ./Drivers/STM32F4xx_HAL_Driver/stm32f4xx_hal_flash_ex.o
 .debug_macro   0x00011628      0x2a7 ./Drivers/STM32F4xx_HAL_Driver/stm32f4xx_hal_gpio.o
 .debug_macro   0x000118cf      0x27b ./Drivers/STM32F4xx_HAL_Driver/stm32f4xx_hal_pcd.o
 .debug_macro   0x00011b4a      0x26f ./Drivers/STM32F4xx_HAL_Driver/stm32f4xx_hal_pcd_ex.o
 .debug_macro   0x00011db9      0x299 ./Drivers/STM32F4xx_HAL_Driver/stm32f4xx_hal_rcc.o
 .debug_macro   0x00012052      0x27d ./Drivers/STM32F4xx_HAL_Driver/stm32f4xx_ll_usb.o
 .debug_macro   0x000122cf      0x275 ./Drivers/CMSIS/system_stm32f4xx.o
 .debug_macro   0x00012544      0x279 ./Application/User/gpio.o
 .debug_macro   0x000127bd      0x2f1 ./Application/User/main.o
 .debug_macro   0x00012aae       0x7c ./Application/User/main.o
 .debug_macro   0x00012b2a      0x26f ./Application/User/stm32f4xx_hal_msp.o
 .debug_macro   0x00012d99      0x279 ./Application/User/stm32f4xx_it.o
 .debug_macro   0x00013012      0x335 ./Application/User/usb_device.o
 .debug_macro   0x00013347      0x304 ./Application/User/usbd_conf.o
 .debug_macro   0x0001364b      0x338 ./Application/User/usbd_desc.o
 .debug_macro   0x00013983      0x325 ./Application/User/usbd_dfu_if.o

.debug_line     0x00000000     0xc25e
 .debug_line    0x00000000      0x998 ./Middlewares/USB_Device_Library/usbd_core.o
 .debug_line    0x00000998      0x8cd ./Middlewares/USB_Device_Library/usbd_ctlreq.o
 .debug_line    0x00001265      0xa87 ./Middlewares/USB_Device_Library/usbd_dfu.o
 .debug_line    0x00001cec      0x841 ./Middlewares/USB_Device_Library/usbd_ioreq.o
 .debug_line    0x0000252d      0x887 ./Drivers/STM32F4xx_HAL_Driver/stm32f4xx_hal.o
 .debug_line    0x00002db4      0x8ab ./Drivers/STM32F4xx_HAL_Driver/stm32f4xx_hal_cortex.o
 .debug_line    0x0000365f      0x8df ./Drivers/STM32F4xx_HAL_Driver/stm32f4xx_hal_flash.o
 .debug_line    0x00003f3e      0x8ae ./Drivers/STM32F4xx_HAL_Driver/stm32f4xx_hal_flash_ex.o
 .debug_line    0x000047ec      0x8b5 ./Drivers/STM32F4xx_HAL_Driver/stm32f4xx_hal_gpio.o
 .debug_line    0x000050a1      0xc52 ./Drivers/STM32F4xx_HAL_Driver/stm32f4xx_hal_pcd.o
 .debug_line    0x00005cf3      0x724 ./Drivers/STM32F4xx_HAL_Driver/stm32f4xx_hal_pcd_ex.o
 .debug_line    0x00006417      0xa27 ./Drivers/STM32F4xx_HAL_Driver/stm32f4xx_hal_rcc.o
 .debug_line    0x00006e3e      0xcce ./Drivers/STM32F4xx_HAL_Driver/stm32f4xx_ll_usb.o
 .debug_line    0x00007b0c      0x73b ./Drivers/CMSIS/system_stm32f4xx.o
 .debug_line    0x00008247      0x70c ./Application/User/gpio.o
 .debug_line    0x00008953      0x7bd ./Application/User/main.o
 .debug_line    0x00009110      0x6df ./Application/User/stm32f4xx_hal_msp.o
 .debug_line    0x000097ef      0x6fc ./Application/User/stm32f4xx_it.o
 .debug_line    0x00009eeb      0x81a ./Application/User/usb_device.o
 .debug_line    0x0000a705      0x9da ./Application/User/usbd_conf.o
 .debug_line    0x0000b0df      0x81e ./Application/User/usbd_desc.o
 .debug_line    0x0000b8fd      0x88d ./Application/User/usbd_dfu_if.o
 .debug_line    0x0000c18a       0xd4 ./Application/SW4STM32/startup_stm32f405xx.o

.debug_str      0x00000000    0x6b802
 .debug_str     0x00000000    0x67b3a ./Middlewares/USB_Device_Library/usbd_core.o
                              0x67ede (size before relaxing)
 .debug_str     0x00067b3a      0x16d ./Middlewares/USB_Device_Library/usbd_ctlreq.o
                              0x67df8 (size before relaxing)
 .debug_str     0x00067ca7      0x93b ./Middlewares/USB_Device_Library/usbd_dfu.o
                              0x685ce (size before relaxing)
 .debug_str     0x000685e2       0x9e ./Middlewares/USB_Device_Library/usbd_ioreq.o
                              0x67d25 (size before relaxing)
 .debug_str     0x00068680      0xaf2 ./Drivers/STM32F4xx_HAL_Driver/stm32f4xx_hal.o
                              0x679c1 (size before relaxing)
 .debug_str     0x00069172      0x26b ./Drivers/STM32F4xx_HAL_Driver/stm32f4xx_hal_cortex.o
                              0x676fb (size before relaxing)
 .debug_str     0x000693dd      0x33a ./Drivers/STM32F4xx_HAL_Driver/stm32f4xx_hal_flash.o
                              0x671c1 (size before relaxing)
 .debug_str     0x00069717      0x253 ./Drivers/STM32F4xx_HAL_Driver/stm32f4xx_hal_flash_ex.o
                              0x67231 (size before relaxing)
 .debug_str     0x0006996a      0x2fa ./Drivers/STM32F4xx_HAL_Driver/stm32f4xx_hal_gpio.o
                              0x67241 (size before relaxing)
 .debug_str     0x00069c64      0x99f ./Drivers/STM32F4xx_HAL_Driver/stm32f4xx_hal_pcd.o
                              0x67865 (size before relaxing)
 .debug_str     0x0006a603       0x70 ./Drivers/STM32F4xx_HAL_Driver/stm32f4xx_hal_pcd_ex.o
                              0x671a0 (size before relaxing)
 .debug_str     0x0006a673      0x3c3 ./Drivers/STM32F4xx_HAL_Driver/stm32f4xx_hal_rcc.o
                              0x673ec (size before relaxing)
 .debug_str     0x0006aa36      0x3d9 ./Drivers/STM32F4xx_HAL_Driver/stm32f4xx_ll_usb.o
                              0x677e3 (size before relaxing)
 .debug_str     0x0006ae0f       0xaf ./Drivers/CMSIS/system_stm32f4xx.o
                              0x66ff2 (size before relaxing)
 .debug_str     0x0006aebe       0x4b ./Application/User/gpio.o
                              0x66f8f (size before relaxing)
 .debug_str     0x0006af09      0x3be ./Application/User/main.o
                              0x67e72 (size before relaxing)
 .debug_str     0x0006b2c7       0x41 ./Application/User/stm32f4xx_hal_msp.o
                              0x6730d (size before relaxing)
 .debug_str     0x0006b308       0x80 ./Application/User/stm32f4xx_it.o
                              0x6717c (size before relaxing)
 .debug_str     0x0006b388       0x71 ./Application/User/usb_device.o
                              0x681ee (size before relaxing)
 .debug_str     0x0006b3f9       0x67 ./Application/User/usbd_conf.o
                              0x68abc (size before relaxing)
 .debug_str     0x0006b460      0x259 ./Application/User/usbd_desc.o
                              0x67bb5 (size before relaxing)
 .debug_str     0x0006b6b9      0x149 ./Application/User/usbd_dfu_if.o
                              0x68323 (size before relaxing)

.comment        0x00000000       0x70
 .comment       0x00000000       0x70 ./Middlewares/USB_Device_Library/usbd_core.o
                                 0x71 (size before relaxing)
 .comment       0x00000000       0x71 ./Middlewares/USB_Device_Library/usbd_ctlreq.o
 .comment       0x00000000       0x71 ./Middlewares/USB_Device_Library/usbd_dfu.o
 .comment       0x00000000       0x71 ./Middlewares/USB_Device_Library/usbd_ioreq.o
 .comment       0x00000000       0x71 ./Drivers/STM32F4xx_HAL_Driver/stm32f4xx_hal.o
 .comment       0x00000000       0x71 ./Drivers/STM32F4xx_HAL_Driver/stm32f4xx_hal_cortex.o
 .comment       0x00000000       0x71 ./Drivers/STM32F4xx_HAL_Driver/stm32f4xx_hal_flash.o
 .comment       0x00000000       0x71 ./Drivers/STM32F4xx_HAL_Driver/stm32f4xx_hal_flash_ex.o
 .comment       0x00000000       0x71 ./Drivers/STM32F4xx_HAL_Driver/stm32f4xx_hal_gpio.o
 .comment       0x00000000       0x71 ./Drivers/STM32F4xx_HAL_Driver/stm32f4xx_hal_pcd.o
 .comment       0x00000000       0x71 ./Drivers/STM32F4xx_HAL_Driver/stm32f4xx_hal_pcd_ex.o
 .comment       0x00000000       0x71 ./Drivers/STM32F4xx_HAL_Driver/stm32f4xx_hal_rcc.o
 .comment       0x00000000       0x71 ./Drivers/STM32F4xx_HAL_Driver/stm32f4xx_ll_usb.o
 .comment       0x00000000       0x71 ./Drivers/CMSIS/system_stm32f4xx.o
 .comment       0x00000000       0x71 ./Application/User/gpio.o
 .comment       0x00000000       0x71 ./Application/User/main.o
 .comment       0x00000000       0x71 ./Application/User/stm32f4xx_hal_msp.o
 .comment       0x00000000       0x71 ./Application/User/stm32f4xx_it.o
 .comment       0x00000000       0x71 ./Application/User/usb_device.o
 .comment       0x00000000       0x71 ./Application/User/usbd_conf.o
 .comment       0x00000000       0x71 ./Application/User/usbd_desc.o
 .comment       0x00000000       0x71 ./Application/User/usbd_dfu_if.o

.debug_frame    0x00000000     0x18b8
 .debug_frame   0x00000000      0x1bc ./Middlewares/USB_Device_Library/usbd_core.o
 .debug_frame   0x000001bc       0xb0 ./Middlewares/USB_Device_Library/usbd_ctlreq.o
 .debug_frame   0x0000026c      0x12c ./Middlewares/USB_Device_Library/usbd_dfu.o
 .debug_frame   0x00000398       0xc0 ./Middlewares/USB_Device_Library/usbd_ioreq.o
 .debug_frame   0x00000458      0x184 ./Drivers/STM32F4xx_HAL_Driver/stm32f4xx_hal.o
 .debug_frame   0x000005dc      0x124 ./Drivers/STM32F4xx_HAL_Driver/stm32f4xx_hal_cortex.o
 .debug_frame   0x00000700      0x138 ./Drivers/STM32F4xx_HAL_Driver/stm32f4xx_hal_flash.o
 .debug_frame   0x00000838       0x94 ./Drivers/STM32F4xx_HAL_Driver/stm32f4xx_hal_flash_ex.o
 .debug_frame   0x000008cc       0xc4 ./Drivers/STM32F4xx_HAL_Driver/stm32f4xx_hal_gpio.o
 .debug_frame   0x00000990      0x2c4 ./Drivers/STM32F4xx_HAL_Driver/stm32f4xx_hal_pcd.o
 .debug_frame   0x00000c54       0x3c ./Drivers/STM32F4xx_HAL_Driver/stm32f4xx_hal_pcd_ex.o
 .debug_frame   0x00000c90      0x158 ./Drivers/STM32F4xx_HAL_Driver/stm32f4xx_hal_rcc.o
 .debug_frame   0x00000de8      0x484 ./Drivers/STM32F4xx_HAL_Driver/stm32f4xx_ll_usb.o
 .debug_frame   0x0000126c       0x30 ./Drivers/CMSIS/system_stm32f4xx.o
 .debug_frame   0x0000129c       0x30 ./Application/User/gpio.o
 .debug_frame   0x000012cc       0x48 ./Application/User/main.o
 .debug_frame   0x00001314       0x2c ./Application/User/stm32f4xx_hal_msp.o
 .debug_frame   0x00001340       0x3c ./Application/User/stm32f4xx_it.o
 .debug_frame   0x0000137c       0x2c ./Application/User/usb_device.o
 .debug_frame   0x000013a8      0x274 ./Application/User/usbd_conf.o
 .debug_frame   0x0000161c       0xa8 ./Application/User/usbd_desc.o
 .debug_frame   0x000016c4       0x98 ./Application/User/usbd_dfu_if.o
 .debug_frame   0x0000175c       0x2c c:/users/javis/documents/herramientas/eclipse/plugins/fr.ac6.mcu.externaltools.arm-none.win32_1.2.0.201505291716/tools/compiler/bin/../lib/gcc/arm-none-eabi/4.9.3/../../../../arm-none-eabi/lib/armv7e-m/fpu\libc_nano.a(lib_a-init.o)
 .debug_frame   0x00001788       0x30 c:/users/javis/documents/herramientas/eclipse/plugins/fr.ac6.mcu.externaltools.arm-none.win32_1.2.0.201505291716/tools/compiler/bin/../lib/gcc/arm-none-eabi/4.9.3/../../../../arm-none-eabi/lib/armv7e-m/fpu\libc_nano.a(lib_a-malloc.o)
 .debug_frame   0x000017b8       0x2c c:/users/javis/documents/herramientas/eclipse/plugins/fr.ac6.mcu.externaltools.arm-none.win32_1.2.0.201505291716/tools/compiler/bin/../lib/gcc/arm-none-eabi/4.9.3/../../../../arm-none-eabi/lib/armv7e-m/fpu\libc_nano.a(lib_a-nano-freer.o)
 .debug_frame   0x000017e4       0x2c c:/users/javis/documents/herramientas/eclipse/plugins/fr.ac6.mcu.externaltools.arm-none.win32_1.2.0.201505291716/tools/compiler/bin/../lib/gcc/arm-none-eabi/4.9.3/../../../../arm-none-eabi/lib/armv7e-m/fpu\libc_nano.a(lib_a-nano-mallocr.o)
 .debug_frame   0x00001810       0x2c c:/users/javis/documents/herramientas/eclipse/plugins/fr.ac6.mcu.externaltools.arm-none.win32_1.2.0.201505291716/tools/compiler/bin/../lib/gcc/arm-none-eabi/4.9.3/../../../../arm-none-eabi/lib/armv7e-m/fpu\libc_nano.a(lib_a-sbrkr.o)
 .debug_frame   0x0000183c       0x5c c:/users/javis/documents/herramientas/eclipse/plugins/fr.ac6.mcu.externaltools.arm-none.win32_1.2.0.201505291716/tools/compiler/bin/../lib/gcc/arm-none-eabi/4.9.3/../../../../arm-none-eabi/lib/armv7e-m/fpu\libc_nano.a(lib_a-reent.o)
 .debug_frame   0x00001898       0x20 c:/users/javis/documents/herramientas/eclipse/plugins/fr.ac6.mcu.externaltools.arm-none.win32_1.2.0.201505291716/tools/compiler/bin/../lib/gcc/arm-none-eabi/4.9.3/../../../../arm-none-eabi/lib/armv7e-m/fpu\libnosys.a(sbrk.o)
